Archive member included to satisfy reference by file (symbol)

c:/st/stm32cubeide_1.6.0/stm32cubeide/plugins/com.st.stm32cube.ide.mcu.externaltools.gnu-tools-for-stm32.9-2020-q2-update.win32_1.5.0.202011040924/tools/bin/../lib/gcc/arm-none-eabi/9.3.1/../../../../arm-none-eabi/lib/thumb/v7e-m+fp/hard\libc_nano.a(lib_a-errno.o)
                              Core/Src/syscalls.o (__errno)
c:/st/stm32cubeide_1.6.0/stm32cubeide/plugins/com.st.stm32cube.ide.mcu.externaltools.gnu-tools-for-stm32.9-2020-q2-update.win32_1.5.0.202011040924/tools/bin/../lib/gcc/arm-none-eabi/9.3.1/../../../../arm-none-eabi/lib/thumb/v7e-m+fp/hard\libc_nano.a(lib_a-exit.o)
                              c:/st/stm32cubeide_1.6.0/stm32cubeide/plugins/com.st.stm32cube.ide.mcu.externaltools.gnu-tools-for-stm32.9-2020-q2-update.win32_1.5.0.202011040924/tools/bin/../lib/gcc/arm-none-eabi/9.3.1/../../../../arm-none-eabi/lib/thumb/v7e-m+fp/hard/crt0.o (exit)
c:/st/stm32cubeide_1.6.0/stm32cubeide/plugins/com.st.stm32cube.ide.mcu.externaltools.gnu-tools-for-stm32.9-2020-q2-update.win32_1.5.0.202011040924/tools/bin/../lib/gcc/arm-none-eabi/9.3.1/../../../../arm-none-eabi/lib/thumb/v7e-m+fp/hard\libc_nano.a(lib_a-impure.o)
                              c:/st/stm32cubeide_1.6.0/stm32cubeide/plugins/com.st.stm32cube.ide.mcu.externaltools.gnu-tools-for-stm32.9-2020-q2-update.win32_1.5.0.202011040924/tools/bin/../lib/gcc/arm-none-eabi/9.3.1/../../../../arm-none-eabi/lib/thumb/v7e-m+fp/hard\libc_nano.a(lib_a-exit.o) (_global_impure_ptr)
c:/st/stm32cubeide_1.6.0/stm32cubeide/plugins/com.st.stm32cube.ide.mcu.externaltools.gnu-tools-for-stm32.9-2020-q2-update.win32_1.5.0.202011040924/tools/bin/../lib/gcc/arm-none-eabi/9.3.1/../../../../arm-none-eabi/lib/thumb/v7e-m+fp/hard\libc_nano.a(lib_a-init.o)
                              c:/st/stm32cubeide_1.6.0/stm32cubeide/plugins/com.st.stm32cube.ide.mcu.externaltools.gnu-tools-for-stm32.9-2020-q2-update.win32_1.5.0.202011040924/tools/bin/../lib/gcc/arm-none-eabi/9.3.1/../../../../arm-none-eabi/lib/thumb/v7e-m+fp/hard/crt0.o (__libc_init_array)
c:/st/stm32cubeide_1.6.0/stm32cubeide/plugins/com.st.stm32cube.ide.mcu.externaltools.gnu-tools-for-stm32.9-2020-q2-update.win32_1.5.0.202011040924/tools/bin/../lib/gcc/arm-none-eabi/9.3.1/../../../../arm-none-eabi/lib/thumb/v7e-m+fp/hard\libc_nano.a(lib_a-memset.o)
                              c:/st/stm32cubeide_1.6.0/stm32cubeide/plugins/com.st.stm32cube.ide.mcu.externaltools.gnu-tools-for-stm32.9-2020-q2-update.win32_1.5.0.202011040924/tools/bin/../lib/gcc/arm-none-eabi/9.3.1/../../../../arm-none-eabi/lib/thumb/v7e-m+fp/hard/crt0.o (memset)
c:/st/stm32cubeide_1.6.0/stm32cubeide/plugins/com.st.stm32cube.ide.mcu.externaltools.gnu-tools-for-stm32.9-2020-q2-update.win32_1.5.0.202011040924/tools/bin/../lib/gcc/arm-none-eabi/9.3.1/thumb/v7e-m+fp/hard\libgcc.a(_aeabi_uldivmod.o)
                              Drivers/STM32F4xx_HAL_Driver/Src/stm32f4xx_hal_rcc.o (__aeabi_uldivmod)
c:/st/stm32cubeide_1.6.0/stm32cubeide/plugins/com.st.stm32cube.ide.mcu.externaltools.gnu-tools-for-stm32.9-2020-q2-update.win32_1.5.0.202011040924/tools/bin/../lib/gcc/arm-none-eabi/9.3.1/thumb/v7e-m+fp/hard\libgcc.a(_udivmoddi4.o)
                              c:/st/stm32cubeide_1.6.0/stm32cubeide/plugins/com.st.stm32cube.ide.mcu.externaltools.gnu-tools-for-stm32.9-2020-q2-update.win32_1.5.0.202011040924/tools/bin/../lib/gcc/arm-none-eabi/9.3.1/thumb/v7e-m+fp/hard\libgcc.a(_aeabi_uldivmod.o) (__udivmoddi4)
c:/st/stm32cubeide_1.6.0/stm32cubeide/plugins/com.st.stm32cube.ide.mcu.externaltools.gnu-tools-for-stm32.9-2020-q2-update.win32_1.5.0.202011040924/tools/bin/../lib/gcc/arm-none-eabi/9.3.1/thumb/v7e-m+fp/hard\libgcc.a(_dvmd_tls.o)
                              c:/st/stm32cubeide_1.6.0/stm32cubeide/plugins/com.st.stm32cube.ide.mcu.externaltools.gnu-tools-for-stm32.9-2020-q2-update.win32_1.5.0.202011040924/tools/bin/../lib/gcc/arm-none-eabi/9.3.1/thumb/v7e-m+fp/hard\libgcc.a(_aeabi_uldivmod.o) (__aeabi_ldiv0)

Allocating common symbols
Common symbol       size              file

hspi2               0x58              Core/Src/spi.o
uwTick              0x4               Drivers/STM32F4xx_HAL_Driver/Src/stm32f4xx_hal.o
pFlash              0x20              Drivers/STM32F4xx_HAL_Driver/Src/stm32f4xx_hal_flash.o
tela                0x1               Core/Src/main.o
htim11              0x48              Core/Src/tim.o
hlcd                0x20              Core/Src/main.o
me_display          0x1               Core/Src/main.o
a                   0x2               Core/Src/main.o
hdma_spi2_tx        0x60              Core/Src/spi.o
delayTela           0x2               Core/Src/main.o

Discarded input sections

 .text          0x0000000000000000        0x0 c:/st/stm32cubeide_1.6.0/stm32cubeide/plugins/com.st.stm32cube.ide.mcu.externaltools.gnu-tools-for-stm32.9-2020-q2-update.win32_1.5.0.202011040924/tools/bin/../lib/gcc/arm-none-eabi/9.3.1/thumb/v7e-m+fp/hard/crti.o
[...]
Memory Configuration

Name             Origin             Length             Attributes
RAM              0x0000000020000000 0x0000000000020000 xrw
FLASH            0x0000000008000000 0x0000000000080000 xr
*default*        0x0000000000000000 0xffffffffffffffff

Linker script and memory map

LOAD c:/st/stm32cubeide_1.6.0/stm32cubeide/plugins/com.st.stm32cube.ide.mcu.externaltools.gnu-tools-for-stm32.9-2020-q2-update.win32_1.5.0.202011040924/tools/bin/../lib/gcc/arm-none-eabi/9.3.1/thumb/v7e-m+fp/hard/crti.o
LOAD c:/st/stm32cubeide_1.6.0/stm32cubeide/plugins/com.st.stm32cube.ide.mcu.externaltools.gnu-tools-for-stm32.9-2020-q2-update.win32_1.5.0.202011040924/tools/bin/../lib/gcc/arm-none-eabi/9.3.1/thumb/v7e-m+fp/hard/crtbegin.o
LOAD c:/st/stm32cubeide_1.6.0/stm32cubeide/plugins/com.st.stm32cube.ide.mcu.externaltools.gnu-tools-for-stm32.9-2020-q2-update.win32_1.5.0.202011040924/tools/bin/../lib/gcc/arm-none-eabi/9.3.1/../../../../arm-none-eabi/lib/thumb/v7e-m+fp/hard/crt0.o
LOAD Core/Src/LCD.o
LOAD Core/Src/dma.o
LOAD Core/Src/gpio.o
LOAD Core/Src/main.o
LOAD Core/Src/spi.o
LOAD Core/Src/stm32f4xx_hal_msp.o
LOAD Core/Src/stm32f4xx_it.o
LOAD Core/Src/syscalls.o
LOAD Core/Src/sysmem.o
LOAD Core/Src/system_stm32f4xx.o
LOAD Core/Src/tim.o
LOAD Core/Startup/startup_stm32f446retx.o
LOAD Drivers/STM32F4xx_HAL_Driver/Src/stm32f4xx_hal.o
LOAD Drivers/STM32F4xx_HAL_Driver/Src/stm32f4xx_hal_cortex.o
LOAD Drivers/STM32F4xx_HAL_Driver/Src/stm32f4xx_hal_dma.o
LOAD Drivers/STM32F4xx_HAL_Driver/Src/stm32f4xx_hal_dma_ex.o
LOAD Drivers/STM32F4xx_HAL_Driver/Src/stm32f4xx_hal_exti.o
LOAD Drivers/STM32F4xx_HAL_Driver/Src/stm32f4xx_hal_flash.o
LOAD Drivers/STM32F4xx_HAL_Driver/Src/stm32f4xx_hal_flash_ex.o
LOAD Drivers/STM32F4xx_HAL_Driver/Src/stm32f4xx_hal_flash_ramfunc.o
LOAD Drivers/STM32F4xx_HAL_Driver/Src/stm32f4xx_hal_gpio.o
LOAD Drivers/STM32F4xx_HAL_Driver/Src/stm32f4xx_hal_pwr.o
LOAD Drivers/STM32F4xx_HAL_Driver/Src/stm32f4xx_hal_pwr_ex.o
LOAD Drivers/STM32F4xx_HAL_Driver/Src/stm32f4xx_hal_rcc.o
LOAD Drivers/STM32F4xx_HAL_Driver/Src/stm32f4xx_hal_rcc_ex.o
LOAD Drivers/STM32F4xx_HAL_Driver/Src/stm32f4xx_hal_spi.o
LOAD Drivers/STM32F4xx_HAL_Driver/Src/stm32f4xx_hal_tim.o
LOAD Drivers/STM32F4xx_HAL_Driver/Src/stm32f4xx_hal_tim_ex.o
START GROUP
LOAD c:/st/stm32cubeide_1.6.0/stm32cubeide/plugins/com.st.stm32cube.ide.mcu.externaltools.gnu-tools-for-stm32.9-2020-q2-update.win32_1.5.0.202011040924/tools/bin/../lib/gcc/arm-none-eabi/9.3.1/../../../../arm-none-eabi/lib/thumb/v7e-m+fp/hard\libc_nano.a
LOAD c:/st/stm32cubeide_1.6.0/stm32cubeide/plugins/com.st.stm32cube.ide.mcu.externaltools.gnu-tools-for-stm32.9-2020-q2-update.win32_1.5.0.202011040924/tools/bin/../lib/gcc/arm-none-eabi/9.3.1/../../../../arm-none-eabi/lib/thumb/v7e-m+fp/hard\libm.a
END GROUP
START GROUP
LOAD c:/st/stm32cubeide_1.6.0/stm32cubeide/plugins/com.st.stm32cube.ide.mcu.externaltools.gnu-tools-for-stm32.9-2020-q2-update.win32_1.5.0.202011040924/tools/bin/../lib/gcc/arm-none-eabi/9.3.1/thumb/v7e-m+fp/hard\libgcc.a
LOAD c:/st/stm32cubeide_1.6.0/stm32cubeide/plugins/com.st.stm32cube.ide.mcu.externaltools.gnu-tools-for-stm32.9-2020-q2-update.win32_1.5.0.202011040924/tools/bin/../lib/gcc/arm-none-eabi/9.3.1/../../../../arm-none-eabi/lib/thumb/v7e-m+fp/hard\libc_nano.a
END GROUP
START GROUP
LOAD c:/st/stm32cubeide_1.6.0/stm32cubeide/plugins/com.st.stm32cube.ide.mcu.externaltools.gnu-tools-for-stm32.9-2020-q2-update.win32_1.5.0.202011040924/tools/bin/../lib/gcc/arm-none-eabi/9.3.1/thumb/v7e-m+fp/hard\libgcc.a
LOAD c:/st/stm32cubeide_1.6.0/stm32cubeide/plugins/com.st.stm32cube.ide.mcu.externaltools.gnu-tools-for-stm32.9-2020-q2-update.win32_1.5.0.202011040924/tools/bin/../lib/gcc/arm-none-eabi/9.3.1/../../../../arm-none-eabi/lib/thumb/v7e-m+fp/hard\libc_nano.a
LOAD c:/st/stm32cubeide_1.6.0/stm32cubeide/plugins/com.st.stm32cube.ide.mcu.externaltools.gnu-tools-for-stm32.9-2020-q2-update.win32_1.5.0.202011040924/tools/bin/../lib/gcc/arm-none-eabi/9.3.1/../../../../arm-none-eabi/lib/thumb/v7e-m+fp/hard\libnosys.a
END GROUP
START GROUP
LOAD c:/st/stm32cubeide_1.6.0/stm32cubeide/plugins/com.st.stm32cube.ide.mcu.externaltools.gnu-tools-for-stm32.9-2020-q2-update.win32_1.5.0.202011040924/tools/bin/../lib/gcc/arm-none-eabi/9.3.1/thumb/v7e-m+fp/hard\libgcc.a
LOAD c:/st/stm32cubeide_1.6.0/stm32cubeide/plugins/com.st.stm32cube.ide.mcu.externaltools.gnu-tools-for-stm32.9-2020-q2-update.win32_1.5.0.202011040924/tools/bin/../lib/gcc/arm-none-eabi/9.3.1/../../../../arm-none-eabi/lib/thumb/v7e-m+fp/hard\libc_nano.a
LOAD c:/st/stm32cubeide_1.6.0/stm32cubeide/plugins/com.st.stm32cube.ide.mcu.externaltools.gnu-tools-for-stm32.9-2020-q2-update.win32_1.5.0.202011040924/tools/bin/../lib/gcc/arm-none-eabi/9.3.1/../../../../arm-none-eabi/lib/thumb/v7e-m+fp/hard\libnosys.a
END GROUP
LOAD c:/st/stm32cubeide_1.6.0/stm32cubeide/plugins/com.st.stm32cube.ide.mcu.externaltools.gnu-tools-for-stm32.9-2020-q2-update.win32_1.5.0.202011040924/tools/bin/../lib/gcc/arm-none-eabi/9.3.1/thumb/v7e-m+fp/hard/crtend.o
LOAD c:/st/stm32cubeide_1.6.0/stm32cubeide/plugins/com.st.stm32cube.ide.mcu.externaltools.gnu-tools-for-stm32.9-2020-q2-update.win32_1.5.0.202011040924/tools/bin/../lib/gcc/arm-none-eabi/9.3.1/thumb/v7e-m+fp/hard/crtn.o
                0x0000000020020000                _estack = (ORIGIN (RAM) + LENGTH (RAM))
                0x0000000000000200                _Min_Heap_Size = 0x200
                0x0000000000000400                _Min_Stack_Size = 0x400

.isr_vector     0x0000000008000000      0x1c4
                0x0000000008000000                . = ALIGN (0x4)
 *(.isr_vector)
 .isr_vector    0x0000000008000000      0x1c4 Core/Startup/startup_stm32f446retx.o
                0x0000000008000000                g_pfnVectors
                0x00000000080001c4                . = ALIGN (0x4)

.text           0x00000000080001c4     0x38c0
                0x00000000080001c4                . = ALIGN (0x4)
 *(.text)
 .text          0x00000000080001c4       0x40 c:/st/stm32cubeide_1.6.0/stm32cubeide/plugins/com.st.stm32cube.ide.mcu.externaltools.gnu-tools-for-stm32.9-2020-q2-update.win32_1.5.0.202011040924/tools/bin/../lib/gcc/arm-none-eabi/9.3.1/thumb/v7e-m+fp/hard/crtbegin.o
 .text          0x0000000008000204       0x30 c:/st/stm32cubeide_1.6.0/stm32cubeide/plugins/com.st.stm32cube.ide.mcu.externaltools.gnu-tools-for-stm32.9-2020-q2-update.win32_1.5.0.202011040924/tools/bin/../lib/gcc/arm-none-eabi/9.3.1/thumb/v7e-m+fp/hard\libgcc.a(_aeabi_uldivmod.o)
                0x0000000008000204                __aeabi_uldivmod
 .text          0x0000000008000234      0x2c4 c:/st/stm32cubeide_1.6.0/stm32cubeide/plugins/com.st.stm32cube.ide.mcu.externaltools.gnu-tools-for-stm32.9-2020-q2-update.win32_1.5.0.202011040924/tools/bin/../lib/gcc/arm-none-eabi/9.3.1/thumb/v7e-m+fp/hard\libgcc.a(_udivmoddi4.o)
                0x0000000008000234                __udivmoddi4
 .text          0x00000000080004f8        0x4 c:/st/stm32cubeide_1.6.0/stm32cubeide/plugins/com.st.stm32cube.ide.mcu.externaltools.gnu-tools-for-stm32.9-2020-q2-update.win32_1.5.0.202011040924/tools/bin/../lib/gcc/arm-none-eabi/9.3.1/thumb/v7e-m+fp/hard\libgcc.a(_dvmd_tls.o)
                0x00000000080004f8                __aeabi_idiv0
                0x00000000080004f8                __aeabi_ldiv0
 *(.text*)
 .text.LCD5110_init
                0x00000000080004fc      0x138 Core/Src/LCD.o
                0x00000000080004fc                LCD5110_init
 .text.LCD5110_write
                0x0000000008000634       0x2c Core/Src/LCD.o
                0x0000000008000634                LCD5110_write
 .text.LCD_write_BLK
                0x0000000008000660       0x90 Core/Src/LCD.o
                0x0000000008000660                LCD_write_BLK
 .text.LCD_write_IT
                0x00000000080006f0       0x70 Core/Src/LCD.o
                0x00000000080006f0                LCD_write_IT
 .text.LCD_write_DMA
                0x0000000008000760       0x70 Core/Src/LCD.o
                0x0000000008000760                LCD_write_DMA
 .text.HAL_SPI_TxCpltCallback
                0x00000000080007d0       0x44 Core/Src/LCD.o
                0x00000000080007d0                HAL_SPI_TxCpltCallback
 .text.LCD_draw_char
                0x0000000008000814       0x54 Core/Src/LCD.o
                0x0000000008000814                LCD_draw_char
 .text.LCD_draw_string
                0x0000000008000868       0x48 Core/Src/LCD.o
                0x0000000008000868                LCD_draw_string
 .text.LCD5110_write_str
                0x00000000080008b0       0x54 Core/Src/LCD.o
                0x00000000080008b0                LCD5110_write_str
 .text.LCD5110_clear
                0x0000000008000904       0x44 Core/Src/LCD.o
                0x0000000008000904                LCD5110_clear
 .text.LCD5110_set_XY
                0x0000000008000948       0x88 Core/Src/LCD.o
                0x0000000008000948                LCD5110_set_XY
 .text.MX_DMA_Init
                0x00000000080009d0       0x40 Core/Src/dma.o
                0x00000000080009d0                MX_DMA_Init
 .text.MX_GPIO_Init
                0x0000000008000a10       0x68 Core/Src/gpio.o
                0x0000000008000a10                MX_GPIO_Init
 .text.main     0x0000000008000a78       0xd4 Core/Src/main.o
                0x0000000008000a78                main
 .text.SystemClock_Config
                0x0000000008000b4c       0xd8 Core/Src/main.o
                0x0000000008000b4c                SystemClock_Config
 .text.HAL_TIM_PeriodElapsedCallback
                0x0000000008000c24      0x168 Core/Src/main.o
                0x0000000008000c24                HAL_TIM_PeriodElapsedCallback
 .text.Error_Handler
                0x0000000008000d8c        0xa Core/Src/main.o
                0x0000000008000d8c                Error_Handler
 *fill*         0x0000000008000d96        0x2 
 .text.MX_SPI2_Init
                0x0000000008000d98       0x6c Core/Src/spi.o
                0x0000000008000d98                MX_SPI2_Init
 .text.HAL_SPI_MspInit
                0x0000000008000e04      0x104 Core/Src/spi.o
                0x0000000008000e04                HAL_SPI_MspInit
 .text.HAL_MspInit
                0x0000000008000f08       0x50 Core/Src/stm32f4xx_hal_msp.o
                0x0000000008000f08                HAL_MspInit
 .text.NMI_Handler
                0x0000000008000f58        0x6 Core/Src/stm32f4xx_it.o
                0x0000000008000f58                NMI_Handler
 .text.HardFault_Handler
                0x0000000008000f5e        0x6 Core/Src/stm32f4xx_it.o
                0x0000000008000f5e                HardFault_Handler
 .text.MemManage_Handler
                0x0000000008000f64        0x6 Core/Src/stm32f4xx_it.o
                0x0000000008000f64                MemManage_Handler
 .text.BusFault_Handler
                0x0000000008000f6a        0x6 Core/Src/stm32f4xx_it.o
                0x0000000008000f6a                BusFault_Handler
 .text.UsageFault_Handler
                0x0000000008000f70        0x6 Core/Src/stm32f4xx_it.o
                0x0000000008000f70                UsageFault_Handler
 .text.SVC_Handler
                0x0000000008000f76        0xe Core/Src/stm32f4xx_it.o
                0x0000000008000f76                SVC_Handler
 .text.DebugMon_Handler
                0x0000000008000f84        0xe Core/Src/stm32f4xx_it.o
                0x0000000008000f84                DebugMon_Handler
 .text.PendSV_Handler
                0x0000000008000f92        0xe Core/Src/stm32f4xx_it.o
                0x0000000008000f92                PendSV_Handler
 .text.SysTick_Handler
                0x0000000008000fa0        0xc Core/Src/stm32f4xx_it.o
                0x0000000008000fa0                SysTick_Handler
 .text.DMA1_Stream4_IRQHandler
                0x0000000008000fac       0x14 Core/Src/stm32f4xx_it.o
                0x0000000008000fac                DMA1_Stream4_IRQHandler
 .text.TIM1_TRG_COM_TIM11_IRQHandler
                0x0000000008000fc0       0x14 Core/Src/stm32f4xx_it.o
                0x0000000008000fc0                TIM1_TRG_COM_TIM11_IRQHandler
 .text.SPI2_IRQHandler
                0x0000000008000fd4       0x14 Core/Src/stm32f4xx_it.o
                0x0000000008000fd4                SPI2_IRQHandler
 .text.SystemInit
                0x0000000008000fe8       0x24 Core/Src/system_stm32f4xx.o
                0x0000000008000fe8                SystemInit
 .text.MX_TIM11_Init
                0x000000000800100c       0x48 Core/Src/tim.o
                0x000000000800100c                MX_TIM11_Init
 .text.HAL_TIM_Base_MspInit
                0x0000000008001054       0x50 Core/Src/tim.o
                0x0000000008001054                HAL_TIM_Base_MspInit
 .text.Reset_Handler
                0x00000000080010a4       0x50 Core/Startup/startup_stm32f446retx.o
                0x00000000080010a4                Reset_Handler
 .text.Default_Handler
                0x00000000080010f4        0x2 Core/Startup/startup_stm32f446retx.o
                0x00000000080010f4                RTC_Alarm_IRQHandler
                0x00000000080010f4                EXTI2_IRQHandler
                0x00000000080010f4                TIM8_CC_IRQHandler
                0x00000000080010f4                FMPI2C1_EV_IRQHandler
                0x00000000080010f4                SPI4_IRQHandler
                0x00000000080010f4                TIM1_CC_IRQHandler
                0x00000000080010f4                DMA2_Stream5_IRQHandler
                0x00000000080010f4                DMA1_Stream5_IRQHandler
                0x00000000080010f4                PVD_IRQHandler
                0x00000000080010f4                SDIO_IRQHandler
                0x00000000080010f4                TAMP_STAMP_IRQHandler
                0x00000000080010f4                CAN2_RX1_IRQHandler
                0x00000000080010f4                EXTI3_IRQHandler
                0x00000000080010f4                TIM8_TRG_COM_TIM14_IRQHandler
                0x00000000080010f4                TIM1_UP_TIM10_IRQHandler
                0x00000000080010f4                TIM8_UP_TIM13_IRQHandler
                0x00000000080010f4                I2C3_ER_IRQHandler
                0x00000000080010f4                EXTI0_IRQHandler
                0x00000000080010f4                I2C2_EV_IRQHandler
                0x00000000080010f4                DMA1_Stream2_IRQHandler
                0x00000000080010f4                CAN1_RX0_IRQHandler
                0x00000000080010f4                FPU_IRQHandler
                0x00000000080010f4                OTG_HS_WKUP_IRQHandler
                0x00000000080010f4                CAN2_SCE_IRQHandler
                0x00000000080010f4                DMA2_Stream2_IRQHandler
                0x00000000080010f4                SPI1_IRQHandler
                0x00000000080010f4                TIM6_DAC_IRQHandler
                0x00000000080010f4                TIM1_BRK_TIM9_IRQHandler
                0x00000000080010f4                DCMI_IRQHandler
                0x00000000080010f4                CAN2_RX0_IRQHandler
                0x00000000080010f4                DMA2_Stream3_IRQHandler
                0x00000000080010f4                SAI2_IRQHandler
                0x00000000080010f4                USART6_IRQHandler
                0x00000000080010f4                USART3_IRQHandler
                0x00000000080010f4                CAN1_RX1_IRQHandler
                0x00000000080010f4                UART5_IRQHandler
                0x00000000080010f4                DMA2_Stream0_IRQHandler
                0x00000000080010f4                TIM4_IRQHandler
                0x00000000080010f4                QUADSPI_IRQHandler
                0x00000000080010f4                I2C1_EV_IRQHandler
                0x00000000080010f4                DMA1_Stream6_IRQHandler
                0x00000000080010f4                DMA1_Stream1_IRQHandler
                0x00000000080010f4                UART4_IRQHandler
                0x00000000080010f4                TIM3_IRQHandler
                0x00000000080010f4                RCC_IRQHandler
                0x00000000080010f4                TIM8_BRK_TIM12_IRQHandler
                0x00000000080010f4                Default_Handler
                0x00000000080010f4                CEC_IRQHandler
                0x00000000080010f4                EXTI15_10_IRQHandler
                0x00000000080010f4                ADC_IRQHandler
                0x00000000080010f4                DMA1_Stream7_IRQHandler
                0x00000000080010f4                TIM7_IRQHandler
                0x00000000080010f4                CAN2_TX_IRQHandler
                0x00000000080010f4                TIM5_IRQHandler
                0x00000000080010f4                DMA2_Stream7_IRQHandler
                0x00000000080010f4                I2C3_EV_IRQHandler
                0x00000000080010f4                EXTI9_5_IRQHandler
                0x00000000080010f4                RTC_WKUP_IRQHandler
                0x00000000080010f4                SPDIF_RX_IRQHandler
                0x00000000080010f4                OTG_HS_EP1_IN_IRQHandler
                0x00000000080010f4                DMA1_Stream0_IRQHandler
                0x00000000080010f4                CAN1_TX_IRQHandler
                0x00000000080010f4                FMPI2C1_ER_IRQHandler
                0x00000000080010f4                EXTI4_IRQHandler
                0x00000000080010f4                OTG_HS_EP1_OUT_IRQHandler
                0x00000000080010f4                WWDG_IRQHandler
                0x00000000080010f4                TIM2_IRQHandler
                0x00000000080010f4                OTG_FS_WKUP_IRQHandler
                0x00000000080010f4                OTG_HS_IRQHandler
                0x00000000080010f4                EXTI1_IRQHandler
                0x00000000080010f4                USART2_IRQHandler
                0x00000000080010f4                I2C2_ER_IRQHandler
                0x00000000080010f4                DMA2_Stream1_IRQHandler
                0x00000000080010f4                CAN1_SCE_IRQHandler
                0x00000000080010f4                FLASH_IRQHandler
                0x00000000080010f4                DMA2_Stream4_IRQHandler
                0x00000000080010f4                USART1_IRQHandler
                0x00000000080010f4                OTG_FS_IRQHandler
                0x00000000080010f4                SPI3_IRQHandler
                0x00000000080010f4                I2C1_ER_IRQHandler
                0x00000000080010f4                FMC_IRQHandler
                0x00000000080010f4                DMA2_Stream6_IRQHandler
                0x00000000080010f4                SAI1_IRQHandler
                0x00000000080010f4                DMA1_Stream3_IRQHandler
 *fill*         0x00000000080010f6        0x2 
 .text.HAL_Init
                0x00000000080010f8       0x44 Drivers/STM32F4xx_HAL_Driver/Src/stm32f4xx_hal.o
                0x00000000080010f8                HAL_Init
 .text.HAL_InitTick
                0x000000000800113c       0x60 Drivers/STM32F4xx_HAL_Driver/Src/stm32f4xx_hal.o
                0x000000000800113c                HAL_InitTick
 .text.HAL_IncTick
                0x000000000800119c       0x28 Drivers/STM32F4xx_HAL_Driver/Src/stm32f4xx_hal.o
                0x000000000800119c                HAL_IncTick
 .text.HAL_GetTick
                0x00000000080011c4       0x18 Drivers/STM32F4xx_HAL_Driver/Src/stm32f4xx_hal.o
                0x00000000080011c4                HAL_GetTick
 .text.HAL_Delay
                0x00000000080011dc       0x48 Drivers/STM32F4xx_HAL_Driver/Src/stm32f4xx_hal.o
                0x00000000080011dc                HAL_Delay
 .text.__NVIC_SetPriorityGrouping
                0x0000000008001224       0x48 Drivers/STM32F4xx_HAL_Driver/Src/stm32f4xx_hal_cortex.o
 .text.__NVIC_GetPriorityGrouping
                0x000000000800126c       0x1c Drivers/STM32F4xx_HAL_Driver/Src/stm32f4xx_hal_cortex.o
 .text.__NVIC_EnableIRQ
                0x0000000008001288       0x3c Drivers/STM32F4xx_HAL_Driver/Src/stm32f4xx_hal_cortex.o
 .text.__NVIC_SetPriority
                0x00000000080012c4       0x54 Drivers/STM32F4xx_HAL_Driver/Src/stm32f4xx_hal_cortex.o
 .text.NVIC_EncodePriority
                0x0000000008001318       0x66 Drivers/STM32F4xx_HAL_Driver/Src/stm32f4xx_hal_cortex.o
 *fill*         0x000000000800137e        0x2 
 .text.SysTick_Config
                0x0000000008001380       0x44 Drivers/STM32F4xx_HAL_Driver/Src/stm32f4xx_hal_cortex.o
 .text.HAL_NVIC_SetPriorityGrouping
                0x00000000080013c4       0x16 Drivers/STM32F4xx_HAL_Driver/Src/stm32f4xx_hal_cortex.o
                0x00000000080013c4                HAL_NVIC_SetPriorityGrouping
 .text.HAL_NVIC_SetPriority
                0x00000000080013da       0x38 Drivers/STM32F4xx_HAL_Driver/Src/stm32f4xx_hal_cortex.o
                0x00000000080013da                HAL_NVIC_SetPriority
 .text.HAL_NVIC_EnableIRQ
                0x0000000008001412       0x1c Drivers/STM32F4xx_HAL_Driver/Src/stm32f4xx_hal_cortex.o
                0x0000000008001412                HAL_NVIC_EnableIRQ
 .text.HAL_SYSTICK_Config
                0x000000000800142e       0x18 Drivers/STM32F4xx_HAL_Driver/Src/stm32f4xx_hal_cortex.o
                0x000000000800142e                HAL_SYSTICK_Config
 *fill*         0x0000000008001446        0x2 
 .text.HAL_DMA_Init
                0x0000000008001448      0x15c Drivers/STM32F4xx_HAL_Driver/Src/stm32f4xx_hal_dma.o
                0x0000000008001448                HAL_DMA_Init
 .text.HAL_DMA_Start_IT
                0x00000000080015a4       0xb0 Drivers/STM32F4xx_HAL_Driver/Src/stm32f4xx_hal_dma.o
                0x00000000080015a4                HAL_DMA_Start_IT
 .text.HAL_DMA_Abort_IT
                0x0000000008001654       0x44 Drivers/STM32F4xx_HAL_Driver/Src/stm32f4xx_hal_dma.o
                0x0000000008001654                HAL_DMA_Abort_IT
 .text.HAL_DMA_IRQHandler
                0x0000000008001698      0x314 Drivers/STM32F4xx_HAL_Driver/Src/stm32f4xx_hal_dma.o
                0x0000000008001698                HAL_DMA_IRQHandler
 .text.DMA_SetConfig
                0x00000000080019ac       0x5c Drivers/STM32F4xx_HAL_Driver/Src/stm32f4xx_hal_dma.o
 .text.DMA_CalcBaseAndBitshift
                0x0000000008001a08       0x6c Drivers/STM32F4xx_HAL_Driver/Src/stm32f4xx_hal_dma.o
 .text.DMA_CheckFifoParam
                0x0000000008001a74       0xf8 Drivers/STM32F4xx_HAL_Driver/Src/stm32f4xx_hal_dma.o
 .text.HAL_GPIO_Init
                0x0000000008001b6c      0x328 Drivers/STM32F4xx_HAL_Driver/Src/stm32f4xx_hal_gpio.o
                0x0000000008001b6c                HAL_GPIO_Init
 .text.HAL_GPIO_WritePin
                0x0000000008001e94       0x32 Drivers/STM32F4xx_HAL_Driver/Src/stm32f4xx_hal_gpio.o
                0x0000000008001e94                HAL_GPIO_WritePin
 *fill*         0x0000000008001ec6        0x2 
 .text.HAL_RCC_ClockConfig
                0x0000000008001ec8      0x1cc Drivers/STM32F4xx_HAL_Driver/Src/stm32f4xx_hal_rcc.o
                0x0000000008001ec8                HAL_RCC_ClockConfig
 .text.HAL_RCC_GetSysClockFreq
                0x0000000008002094      0x2b8 Drivers/STM32F4xx_HAL_Driver/Src/stm32f4xx_hal_rcc_ex.o
                0x0000000008002094                HAL_RCC_GetSysClockFreq
 .text.HAL_RCC_OscConfig
                0x000000000800234c      0x53c Drivers/STM32F4xx_HAL_Driver/Src/stm32f4xx_hal_rcc_ex.o
                0x000000000800234c                HAL_RCC_OscConfig
 .text.HAL_SPI_Init
                0x0000000008002888      0x112 Drivers/STM32F4xx_HAL_Driver/Src/stm32f4xx_hal_spi.o
                0x0000000008002888                HAL_SPI_Init
 .text.HAL_SPI_Transmit
                0x000000000800299a      0x278 Drivers/STM32F4xx_HAL_Driver/Src/stm32f4xx_hal_spi.o
                0x000000000800299a                HAL_SPI_Transmit
 *fill*         0x0000000008002c12        0x2 
 .text.HAL_SPI_Transmit_IT
                0x0000000008002c14      0x114 Drivers/STM32F4xx_HAL_Driver/Src/stm32f4xx_hal_spi.o
                0x0000000008002c14                HAL_SPI_Transmit_IT
 .text.HAL_SPI_Transmit_DMA
                0x0000000008002d28      0x16c Drivers/STM32F4xx_HAL_Driver/Src/stm32f4xx_hal_spi.o
                0x0000000008002d28                HAL_SPI_Transmit_DMA
 .text.HAL_SPI_IRQHandler
                0x0000000008002e94      0x200 Drivers/STM32F4xx_HAL_Driver/Src/stm32f4xx_hal_spi.o
                0x0000000008002e94                HAL_SPI_IRQHandler
 .text.HAL_SPI_TxHalfCpltCallback
                0x0000000008003094       0x14 Drivers/STM32F4xx_HAL_Driver/Src/stm32f4xx_hal_spi.o
                0x0000000008003094                HAL_SPI_TxHalfCpltCallback
 .text.HAL_SPI_ErrorCallback
                0x00000000080030a8       0x14 Drivers/STM32F4xx_HAL_Driver/Src/stm32f4xx_hal_spi.o
                0x00000000080030a8                HAL_SPI_ErrorCallback
 .text.SPI_DMATransmitCplt
                0x00000000080030bc       0xa8 Drivers/STM32F4xx_HAL_Driver/Src/stm32f4xx_hal_spi.o
 .text.SPI_DMAHalfTransmitCplt
                0x0000000008003164       0x1c Drivers/STM32F4xx_HAL_Driver/Src/stm32f4xx_hal_spi.o
 .text.SPI_DMAError
                0x0000000008003180       0x40 Drivers/STM32F4xx_HAL_Driver/Src/stm32f4xx_hal_spi.o
 .text.SPI_DMAAbortOnError
                0x00000000080031c0       0x28 Drivers/STM32F4xx_HAL_Driver/Src/stm32f4xx_hal_spi.o
 .text.SPI_TxISR_8BIT
                0x00000000080031e8       0x46 Drivers/STM32F4xx_HAL_Driver/Src/stm32f4xx_hal_spi.o
 .text.SPI_TxISR_16BIT
                0x000000000800322e       0x44 Drivers/STM32F4xx_HAL_Driver/Src/stm32f4xx_hal_spi.o
 *fill*         0x0000000008003272        0x2 
 .text.SPI_WaitFlagStateUntilTimeout
                0x0000000008003274      0x110 Drivers/STM32F4xx_HAL_Driver/Src/stm32f4xx_hal_spi.o
 .text.SPI_EndRxTxTransaction
                0x0000000008003384       0x84 Drivers/STM32F4xx_HAL_Driver/Src/stm32f4xx_hal_spi.o
 .text.SPI_CloseTx_ISR
                0x0000000008003408       0xc4 Drivers/STM32F4xx_HAL_Driver/Src/stm32f4xx_hal_spi.o
 .text.HAL_TIM_Base_Init
                0x00000000080034cc       0x9e Drivers/STM32F4xx_HAL_Driver/Src/stm32f4xx_hal_tim.o
                0x00000000080034cc                HAL_TIM_Base_Init
 *fill*         0x000000000800356a        0x2 
 .text.HAL_TIM_Base_Start_IT
                0x000000000800356c       0xe0 Drivers/STM32F4xx_HAL_Driver/Src/stm32f4xx_hal_tim.o
                0x000000000800356c                HAL_TIM_Base_Start_IT
 .text.HAL_TIM_IRQHandler
                0x000000000800364c      0x210 Drivers/STM32F4xx_HAL_Driver/Src/stm32f4xx_hal_tim.o
                0x000000000800364c                HAL_TIM_IRQHandler
 .text.HAL_TIM_OC_DelayElapsedCallback
                0x000000000800385c       0x14 Drivers/STM32F4xx_HAL_Driver/Src/stm32f4xx_hal_tim.o
                0x000000000800385c                HAL_TIM_OC_DelayElapsedCallback
 .text.HAL_TIM_IC_CaptureCallback
                0x0000000008003870       0x14 Drivers/STM32F4xx_HAL_Driver/Src/stm32f4xx_hal_tim.o
                0x0000000008003870                HAL_TIM_IC_CaptureCallback
 .text.HAL_TIM_PWM_PulseFinishedCallback
                0x0000000008003884       0x14 Drivers/STM32F4xx_HAL_Driver/Src/stm32f4xx_hal_tim.o
                0x0000000008003884                HAL_TIM_PWM_PulseFinishedCallback
 .text.HAL_TIM_TriggerCallback
                0x0000000008003898       0x14 Drivers/STM32F4xx_HAL_Driver/Src/stm32f4xx_hal_tim.o
                0x0000000008003898                HAL_TIM_TriggerCallback
 .text.TIM_Base_SetConfig
                0x00000000080038ac      0x140 Drivers/STM32F4xx_HAL_Driver/Src/stm32f4xx_hal_tim.o
                0x00000000080038ac                TIM_Base_SetConfig
 .text.HAL_TIMEx_CommutCallback
                0x00000000080039ec       0x14 Drivers/STM32F4xx_HAL_Driver/Src/stm32f4xx_hal_tim_ex.o
                0x00000000080039ec                HAL_TIMEx_CommutCallback
 .text.HAL_TIMEx_BreakCallback
                0x0000000008003a00       0x14 Drivers/STM32F4xx_HAL_Driver/Src/stm32f4xx_hal_tim_ex.o
                0x0000000008003a00                HAL_TIMEx_BreakCallback
 .text.__libc_init_array
                0x0000000008003a14       0x48 c:/st/stm32cubeide_1.6.0/stm32cubeide/plugins/com.st.stm32cube.ide.mcu.externaltools.gnu-tools-for-stm32.9-2020-q2-update.win32_1.5.0.202011040924/tools/bin/../lib/gcc/arm-none-eabi/9.3.1/../../../../arm-none-eabi/lib/thumb/v7e-m+fp/hard\libc_nano.a(lib_a-init.o)
                0x0000000008003a14                __libc_init_array
 .text.memset   0x0000000008003a5c       0x10 c:/st/stm32cubeide_1.6.0/stm32cubeide/plugins/com.st.stm32cube.ide.mcu.externaltools.gnu-tools-for-stm32.9-2020-q2-update.win32_1.5.0.202011040924/tools/bin/../lib/gcc/arm-none-eabi/9.3.1/../../../../arm-none-eabi/lib/thumb/v7e-m+fp/hard\libc_nano.a(lib_a-memset.o)
                0x0000000008003a5c                memset
 *(.glue_7)
 .glue_7        0x0000000008003a6c        0x0 linker stubs
 *(.glue_7t)
 .glue_7t       0x0000000008003a6c        0x0 linker stubs
 *(.eh_frame)
 .eh_frame      0x0000000008003a6c        0x0 c:/st/stm32cubeide_1.6.0/stm32cubeide/plugins/com.st.stm32cube.ide.mcu.externaltools.gnu-tools-for-stm32.9-2020-q2-update.win32_1.5.0.202011040924/tools/bin/../lib/gcc/arm-none-eabi/9.3.1/thumb/v7e-m+fp/hard/crtbegin.o
 *(.init)
 .init          0x0000000008003a6c        0x4 c:/st/stm32cubeide_1.6.0/stm32cubeide/plugins/com.st.stm32cube.ide.mcu.externaltools.gnu-tools-for-stm32.9-2020-q2-update.win32_1.5.0.202011040924/tools/bin/../lib/gcc/arm-none-eabi/9.3.1/thumb/v7e-m+fp/hard/crti.o
                0x0000000008003a6c                _init
 .init          0x0000000008003a70        0x8 c:/st/stm32cubeide_1.6.0/stm32cubeide/plugins/com.st.stm32cube.ide.mcu.externaltools.gnu-tools-for-stm32.9-2020-q2-update.win32_1.5.0.202011040924/tools/bin/../lib/gcc/arm-none-eabi/9.3.1/thumb/v7e-m+fp/hard/crtn.o
 *(.fini)
 .fini          0x0000000008003a78        0x4 c:/st/stm32cubeide_1.6.0/stm32cubeide/plugins/com.st.stm32cube.ide.mcu.externaltools.gnu-tools-for-stm32.9-2020-q2-update.win32_1.5.0.202011040924/tools/bin/../lib/gcc/arm-none-eabi/9.3.1/thumb/v7e-m+fp/hard/crti.o
                0x0000000008003a78                _fini
 .fini          0x0000000008003a7c        0x8 c:/st/stm32cubeide_1.6.0/stm32cubeide/plugins/com.st.stm32cube.ide.mcu.externaltools.gnu-tools-for-stm32.9-2020-q2-update.win32_1.5.0.202011040924/tools/bin/../lib/gcc/arm-none-eabi/9.3.1/thumb/v7e-m+fp/hard/crtn.o
                0x0000000008003a84                . = ALIGN (0x4)
                0x0000000008003a84                _etext = .

.vfp11_veneer   0x0000000008003a84        0x0
 .vfp11_veneer  0x0000000008003a84        0x0 linker stubs

.v4_bx          0x0000000008003a84        0x0
 .v4_bx         0x0000000008003a84        0x0 linker stubs

.iplt           0x0000000008003a84        0x0
 .iplt          0x0000000008003a84        0x0 c:/st/stm32cubeide_1.6.0/stm32cubeide/plugins/com.st.stm32cube.ide.mcu.externaltools.gnu-tools-for-stm32.9-2020-q2-update.win32_1.5.0.202011040924/tools/bin/../lib/gcc/arm-none-eabi/9.3.1/thumb/v7e-m+fp/hard/crtbegin.o

.rodata         0x0000000008003a84      0x45c
                0x0000000008003a84                . = ALIGN (0x4)
 *(.rodata)
 .rodata        0x0000000008003a84       0x51 Core/Src/main.o
 *(.rodata*)
 *fill*         0x0000000008003ad5        0x3 
 .rodata.TelaLimpa
                0x0000000008003ad8      0x1f8 Core/Src/LCD.o
                0x0000000008003ad8                TelaLimpa
 .rodata.gremio
                0x0000000008003cd0      0x1f8 Core/Src/main.o
                0x0000000008003cd0                gremio
 .rodata.AHBPrescTable
                0x0000000008003ec8       0x10 Core/Src/system_stm32f4xx.o
                0x0000000008003ec8                AHBPrescTable
 .rodata.flagBitshiftOffset.8334
                0x0000000008003ed8        0x8 Drivers/STM32F4xx_HAL_Driver/Src/stm32f4xx_hal_dma.o
                0x0000000008003ee0                . = ALIGN (0x4)

.ARM.extab      0x0000000008003ee0        0x0
                0x0000000008003ee0                . = ALIGN (0x4)
 *(.ARM.extab* .gnu.linkonce.armextab.*)
                0x0000000008003ee0                . = ALIGN (0x4)

.ARM            0x0000000008003ee0        0x8
                0x0000000008003ee0                . = ALIGN (0x4)
                0x0000000008003ee0                __exidx_start = .
 *(.ARM.exidx*)
 .ARM.exidx     0x0000000008003ee0        0x8 c:/st/stm32cubeide_1.6.0/stm32cubeide/plugins/com.st.stm32cube.ide.mcu.externaltools.gnu-tools-for-stm32.9-2020-q2-update.win32_1.5.0.202011040924/tools/bin/../lib/gcc/arm-none-eabi/9.3.1/thumb/v7e-m+fp/hard\libgcc.a(_udivmoddi4.o)
                0x0000000008003ee8                __exidx_end = .
                0x0000000008003ee8                . = ALIGN (0x4)

.rel.dyn        0x0000000008003ee8        0x0
 .rel.iplt      0x0000000008003ee8        0x0 c:/st/stm32cubeide_1.6.0/stm32cubeide/plugins/com.st.stm32cube.ide.mcu.externaltools.gnu-tools-for-stm32.9-2020-q2-update.win32_1.5.0.202011040924/tools/bin/../lib/gcc/arm-none-eabi/9.3.1/thumb/v7e-m+fp/hard/crtbegin.o

.preinit_array  0x0000000008003ee8        0x0
                0x0000000008003ee8                . = ALIGN (0x4)
                0x0000000008003ee8                PROVIDE (__preinit_array_start = .)
 *(.preinit_array*)
                0x0000000008003ee8                PROVIDE (__preinit_array_end = .)
                0x0000000008003ee8                . = ALIGN (0x4)

.init_array     0x0000000008003ee8        0x4
                0x0000000008003ee8                . = ALIGN (0x4)
                0x0000000008003ee8                PROVIDE (__init_array_start = .)
 *(SORT_BY_NAME(.init_array.*))
 *(.init_array*)
 .init_array    0x0000000008003ee8        0x4 c:/st/stm32cubeide_1.6.0/stm32cubeide/plugins/com.st.stm32cube.ide.mcu.externaltools.gnu-tools-for-stm32.9-2020-q2-update.win32_1.5.0.202011040924/tools/bin/../lib/gcc/arm-none-eabi/9.3.1/thumb/v7e-m+fp/hard/crtbegin.o
                0x0000000008003eec                PROVIDE (__init_array_end = .)
                0x0000000008003eec                . = ALIGN (0x4)

.fini_array     0x0000000008003eec        0x4
                0x0000000008003eec                . = ALIGN (0x4)
                [!provide]                        PROVIDE (__fini_array_start = .)
 *(SORT_BY_NAME(.fini_array.*))
 *(.fini_array*)
 .fini_array    0x0000000008003eec        0x4 c:/st/stm32cubeide_1.6.0/stm32cubeide/plugins/com.st.stm32cube.ide.mcu.externaltools.gnu-tools-for-stm32.9-2020-q2-update.win32_1.5.0.202011040924/tools/bin/../lib/gcc/arm-none-eabi/9.3.1/thumb/v7e-m+fp/hard/crtbegin.o
                [!provide]                        PROVIDE (__fini_array_end = .)
                0x0000000008003ef0                . = ALIGN (0x4)
                0x0000000008003ef0                _sidata = LOADADDR (.data)

.data           0x0000000020000000      0x234 load address 0x0000000008003ef0
                0x0000000020000000                . = ALIGN (0x4)
                0x0000000020000000                _sdata = .
 *(.data)
 *(.data*)
 .data.font6_8  0x0000000020000000      0x228 Core/Src/LCD.o
                0x0000000020000000                font6_8
 .data.SystemCoreClock
                0x0000000020000228        0x4 Core/Src/system_stm32f4xx.o
                0x0000000020000228                SystemCoreClock
 .data.uwTickPrio
                0x000000002000022c        0x4 Drivers/STM32F4xx_HAL_Driver/Src/stm32f4xx_hal.o
                0x000000002000022c                uwTickPrio
 .data.uwTickFreq
                0x0000000020000230        0x1 Drivers/STM32F4xx_HAL_Driver/Src/stm32f4xx_hal.o
                0x0000000020000230                uwTickFreq
 *(.RamFunc)
 *(.RamFunc*)
                0x0000000020000234                . = ALIGN (0x4)
 *fill*         0x0000000020000231        0x3 
                0x0000000020000234                _edata = .

.igot.plt       0x0000000020000234        0x0 load address 0x0000000008004124
 .igot.plt      0x0000000020000234        0x0 c:/st/stm32cubeide_1.6.0/stm32cubeide/plugins/com.st.stm32cube.ide.mcu.externaltools.gnu-tools-for-stm32.9-2020-q2-update.win32_1.5.0.202011040924/tools/bin/../lib/gcc/arm-none-eabi/9.3.1/thumb/v7e-m+fp/hard/crtbegin.o
                0x0000000020000234                . = ALIGN (0x4)

.bss            0x0000000020000234      0x350 load address 0x0000000008004124
                0x0000000020000234                _sbss = .
                0x0000000020000234                __bss_start__ = _sbss
 *(.bss)
 .bss           0x0000000020000234       0x1c c:/st/stm32cubeide_1.6.0/stm32cubeide/plugins/com.st.stm32cube.ide.mcu.externaltools.gnu-tools-for-stm32.9-2020-q2-update.win32_1.5.0.202011040924/tools/bin/../lib/gcc/arm-none-eabi/9.3.1/thumb/v7e-m+fp/hard/crtbegin.o
 *(.bss*)
 .bss.lcd       0x0000000020000250        0x4 Core/Src/LCD.o
 .bss.buf       0x0000000020000254      0x1fc Core/Src/LCD.o
 .bss.LCD_write
                0x0000000020000450        0x4 Core/Src/LCD.o
 *(COMMON)
 COMMON         0x0000000020000454       0x2a Core/Src/main.o
                0x0000000020000454                tela
                0x0000000020000458                hlcd
                0x0000000020000478                me_display
                0x000000002000047a                a
                0x000000002000047c                delayTela
 *fill*         0x000000002000047e        0x2 
 COMMON         0x0000000020000480       0xb8 Core/Src/spi.o
                0x0000000020000480                hspi2
                0x00000000200004d8                hdma_spi2_tx
 COMMON         0x0000000020000538       0x48 Core/Src/tim.o
                0x0000000020000538                htim11
 COMMON         0x0000000020000580        0x4 Drivers/STM32F4xx_HAL_Driver/Src/stm32f4xx_hal.o
                0x0000000020000580                uwTick
                0x0000000020000584                . = ALIGN (0x4)
                0x0000000020000584                _ebss = .
                0x0000000020000584                __bss_end__ = _ebss

._user_heap_stack
                0x0000000020000584      0x604 load address 0x0000000008004124
                0x0000000020000588                . = ALIGN (0x8)
 *fill*         0x0000000020000584        0x4 
                [!provide]                        PROVIDE (end = .)
                0x0000000020000588                PROVIDE (_end = .)
                0x0000000020000788                . = (. + _Min_Heap_Size)
 *fill*         0x0000000020000588      0x200 
                0x0000000020000b88                . = (. + _Min_Stack_Size)
 *fill*         0x0000000020000788      0x400 
                0x0000000020000b88                . = ALIGN (0x8)

/DISCARD/
 libc.a(*)
 libm.a(*)
 libgcc.a(*)

.ARM.attributes
                0x0000000000000000       0x30
 *(.ARM.attributes)
 .ARM.attributes
                0x0000000000000000       0x1e c:/st/stm32cubeide_1.6.0/stm32cubeide/plugins/com.st.stm32cube.ide.mcu.externaltools.gnu-tools-for-stm32.9-2020-q2-update.win32_1.5.0.202011040924/tools/bin/../lib/gcc/arm-none-eabi/9.3.1/thumb/v7e-m+fp/hard/crti.o
 .ARM.attributes
                0x000000000000001e       0x34 c:/st/stm32cubeide_1.6.0/stm32cubeide/plugins/com.st.stm32cube.ide.mcu.externaltools.gnu-tools-for-stm32.9-2020-q2-update.win32_1.5.0.202011040924/tools/bin/../lib/gcc/arm-none-eabi/9.3.1/thumb/v7e-m+fp/hard/crtbegin.o
 .ARM.attributes
                0x0000000000000052       0x34 Core/Src/LCD.o
 .ARM.attributes
                0x0000000000000086       0x34 Core/Src/dma.o
 .ARM.attributes
                0x00000000000000ba       0x34 Core/Src/gpio.o
 .ARM.attributes
                0x00000000000000ee       0x34 Core/Src/main.o
 .ARM.attributes
                0x0000000000000122       0x34 Core/Src/spi.o
 .ARM.attributes
                0x0000000000000156       0x34 Core/Src/stm32f4xx_hal_msp.o
 .ARM.attributes
                0x000000000000018a       0x34 Core/Src/stm32f4xx_it.o
 .ARM.attributes
                0x00000000000001be       0x34 Core/Src/system_stm32f4xx.o
 .ARM.attributes
                0x00000000000001f2       0x34 Core/Src/tim.o
 .ARM.attributes
                0x0000000000000226       0x21 Core/Startup/startup_stm32f446retx.o
 .ARM.attributes
                0x0000000000000247       0x34 Drivers/STM32F4xx_HAL_Driver/Src/stm32f4xx_hal.o
 .ARM.attributes
                0x000000000000027b       0x34 Drivers/STM32F4xx_HAL_Driver/Src/stm32f4xx_hal_cortex.o
 .ARM.attributes
                0x00000000000002af       0x34 Drivers/STM32F4xx_HAL_Driver/Src/stm32f4xx_hal_dma.o
 .ARM.attributes
                0x00000000000002e3       0x34 Drivers/STM32F4xx_HAL_Driver/Src/stm32f4xx_hal_gpio.o
 .ARM.attributes
                0x0000000000000317       0x34 Drivers/STM32F4xx_HAL_Driver/Src/stm32f4xx_hal_rcc.o
 .ARM.attributes
                0x000000000000034b       0x34 Drivers/STM32F4xx_HAL_Driver/Src/stm32f4xx_hal_rcc_ex.o
 .ARM.attributes
                0x000000000000037f       0x34 Drivers/STM32F4xx_HAL_Driver/Src/stm32f4xx_hal_spi.o
 .ARM.attributes
                0x00000000000003b3       0x34 Drivers/STM32F4xx_HAL_Driver/Src/stm32f4xx_hal_tim.o
 .ARM.attributes
                0x00000000000003e7       0x34 Drivers/STM32F4xx_HAL_Driver/Src/stm32f4xx_hal_tim_ex.o
 .ARM.attributes
                0x000000000000041b       0x34 c:/st/stm32cubeide_1.6.0/stm32cubeide/plugins/com.st.stm32cube.ide.mcu.externaltools.gnu-tools-for-stm32.9-2020-q2-update.win32_1.5.0.202011040924/tools/bin/../lib/gcc/arm-none-eabi/9.3.1/../../../../arm-none-eabi/lib/thumb/v7e-m+fp/hard\libc_nano.a(lib_a-init.o)
 .ARM.attributes
                0x000000000000044f       0x34 c:/st/stm32cubeide_1.6.0/stm32cubeide/plugins/com.st.stm32cube.ide.mcu.externaltools.gnu-tools-for-stm32.9-2020-q2-update.win32_1.5.0.202011040924/tools/bin/../lib/gcc/arm-none-eabi/9.3.1/../../../../arm-none-eabi/lib/thumb/v7e-m+fp/hard\libc_nano.a(lib_a-memset.o)
 .ARM.attributes
                0x0000000000000483       0x1e c:/st/stm32cubeide_1.6.0/stm32cubeide/plugins/com.st.stm32cube.ide.mcu.externaltools.gnu-tools-for-stm32.9-2020-q2-update.win32_1.5.0.202011040924/tools/bin/../lib/gcc/arm-none-eabi/9.3.1/thumb/v7e-m+fp/hard\libgcc.a(_aeabi_uldivmod.o)
 .ARM.attributes
                0x00000000000004a1       0x34 c:/st/stm32cubeide_1.6.0/stm32cubeide/plugins/com.st.stm32cube.ide.mcu.externaltools.gnu-tools-for-stm32.9-2020-q2-update.win32_1.5.0.202011040924/tools/bin/../lib/gcc/arm-none-eabi/9.3.1/thumb/v7e-m+fp/hard\libgcc.a(_udivmoddi4.o)
 .ARM.attributes
                0x00000000000004d5       0x1e c:/st/stm32cubeide_1.6.0/stm32cubeide/plugins/com.st.stm32cube.ide.mcu.externaltools.gnu-tools-for-stm32.9-2020-q2-update.win32_1.5.0.202011040924/tools/bin/../lib/gcc/arm-none-eabi/9.3.1/thumb/v7e-m+fp/hard\libgcc.a(_dvmd_tls.o)
 .ARM.attributes
                0x00000000000004f3       0x1e c:/st/stm32cubeide_1.6.0/stm32cubeide/plugins/com.st.stm32cube.ide.mcu.externaltools.gnu-tools-for-stm32.9-2020-q2-update.win32_1.5.0.202011040924/tools/bin/../lib/gcc/arm-none-eabi/9.3.1/thumb/v7e-m+fp/hard/crtn.o
OUTPUT(Display_Nokia.elf elf32-littlearm)
LOAD linker stubs
LOAD c:/st/stm32cubeide_1.6.0/stm32cubeide/plugins/com.st.stm32cube.ide.mcu.externaltools.gnu-tools-for-stm32.9-2020-q2-update.win32_1.5.0.202011040924/tools/bin/../lib/gcc/arm-none-eabi/9.3.1/../../../../arm-none-eabi/lib/thumb/v7e-m+fp/hard\libc.a
LOAD c:/st/stm32cubeide_1.6.0/stm32cubeide/plugins/com.st.stm32cube.ide.mcu.externaltools.gnu-tools-for-stm32.9-2020-q2-update.win32_1.5.0.202011040924/tools/bin/../lib/gcc/arm-none-eabi/9.3.1/../../../../arm-none-eabi/lib/thumb/v7e-m+fp/hard\libm.a
LOAD c:/st/stm32cubeide_1.6.0/stm32cubeide/plugins/com.st.stm32cube.ide.mcu.externaltools.gnu-tools-for-stm32.9-2020-q2-update.win32_1.5.0.202011040924/tools/bin/../lib/gcc/arm-none-eabi/9.3.1/thumb/v7e-m+fp/hard\libgcc.a

.debug_info     0x0000000000000000     0xf83c
 .debug_info    0x0000000000000000      0xcf7 Core/Src/LCD.o
 .debug_info    0x0000000000000cf7      0x5f2 Core/Src/dma.o
 .debug_info    0x00000000000012e9      0x4f3 Core/Src/gpio.o
 .debug_info    0x00000000000017dc     0x1922 Core/Src/main.o
 .debug_info    0x00000000000030fe      0xce7 Core/Src/spi.o
 .debug_info    0x0000000000003de5      0x3cc Core/Src/stm32f4xx_hal_msp.o
 .debug_info    0x00000000000041b1      0xae3 Core/Src/stm32f4xx_it.o
 .debug_info    0x0000000000004c94      0x5dc Core/Src/system_stm32f4xx.o
 .debug_info    0x0000000000005270      0xc45 Core/Src/tim.o
 .debug_info    0x0000000000005eb5       0x22 Core/Startup/startup_stm32f446retx.o
 .debug_info    0x0000000000005ed7      0xa08 Drivers/STM32F4xx_HAL_Driver/Src/stm32f4xx_hal.o
 .debug_info    0x00000000000068df      0xef5 Drivers/STM32F4xx_HAL_Driver/Src/stm32f4xx_hal_cortex.o
 .debug_info    0x00000000000077d4      0x9f1 Drivers/STM32F4xx_HAL_Driver/Src/stm32f4xx_hal_dma.o
 .debug_info    0x00000000000081c5      0x892 Drivers/STM32F4xx_HAL_Driver/Src/stm32f4xx_hal_gpio.o
 .debug_info    0x0000000000008a57      0x9db Drivers/STM32F4xx_HAL_Driver/Src/stm32f4xx_hal_rcc.o
 .debug_info    0x0000000000009432      0xa86 Drivers/STM32F4xx_HAL_Driver/Src/stm32f4xx_hal_rcc_ex.o
 .debug_info    0x0000000000009eb8     0x17c0 Drivers/STM32F4xx_HAL_Driver/Src/stm32f4xx_hal_spi.o
 .debug_info    0x000000000000b678     0x2c22 Drivers/STM32F4xx_HAL_Driver/Src/stm32f4xx_hal_tim.o
 .debug_info    0x000000000000e29a     0x15a2 Drivers/STM32F4xx_HAL_Driver/Src/stm32f4xx_hal_tim_ex.o

.debug_abbrev   0x0000000000000000     0x23fc
 .debug_abbrev  0x0000000000000000      0x27b Core/Src/LCD.o
 .debug_abbrev  0x000000000000027b      0x11b Core/Src/dma.o
 .debug_abbrev  0x0000000000000396      0x143 Core/Src/gpio.o
 .debug_abbrev  0x00000000000004d9      0x29a Core/Src/main.o
 .debug_abbrev  0x0000000000000773      0x1d7 Core/Src/spi.o
 .debug_abbrev  0x000000000000094a      0x11d Core/Src/stm32f4xx_hal_msp.o
 .debug_abbrev  0x0000000000000a67      0x187 Core/Src/stm32f4xx_it.o
 .debug_abbrev  0x0000000000000bee      0x145 Core/Src/system_stm32f4xx.o
 .debug_abbrev  0x0000000000000d33      0x1bb Core/Src/tim.o
 .debug_abbrev  0x0000000000000eee       0x12 Core/Startup/startup_stm32f446retx.o
 .debug_abbrev  0x0000000000000f00      0x1ed Drivers/STM32F4xx_HAL_Driver/Src/stm32f4xx_hal.o
 .debug_abbrev  0x00000000000010ed      0x33c Drivers/STM32F4xx_HAL_Driver/Src/stm32f4xx_hal_cortex.o
 .debug_abbrev  0x0000000000001429      0x259 Drivers/STM32F4xx_HAL_Driver/Src/stm32f4xx_hal_dma.o
 .debug_abbrev  0x0000000000001682      0x1f1 Drivers/STM32F4xx_HAL_Driver/Src/stm32f4xx_hal_gpio.o
 .debug_abbrev  0x0000000000001873      0x275 Drivers/STM32F4xx_HAL_Driver/Src/stm32f4xx_hal_rcc.o
 .debug_abbrev  0x0000000000001ae8      0x1e2 Drivers/STM32F4xx_HAL_Driver/Src/stm32f4xx_hal_rcc_ex.o
 .debug_abbrev  0x0000000000001cca      0x26e Drivers/STM32F4xx_HAL_Driver/Src/stm32f4xx_hal_spi.o
 .debug_abbrev  0x0000000000001f38      0x25e Drivers/STM32F4xx_HAL_Driver/Src/stm32f4xx_hal_tim.o
 .debug_abbrev  0x0000000000002196      0x266 Drivers/STM32F4xx_HAL_Driver/Src/stm32f4xx_hal_tim_ex.o

.debug_aranges  0x0000000000000000      0xd28
 .debug_aranges
                0x0000000000000000       0x70 Core/Src/LCD.o
 .debug_aranges
                0x0000000000000070       0x20 Core/Src/dma.o
 .debug_aranges
                0x0000000000000090       0x20 Core/Src/gpio.o
 .debug_aranges
                0x00000000000000b0       0x38 Core/Src/main.o
 .debug_aranges
                0x00000000000000e8       0x30 Core/Src/spi.o
 .debug_aranges
                0x0000000000000118       0x20 Core/Src/stm32f4xx_hal_msp.o
 .debug_aranges
                0x0000000000000138       0x78 Core/Src/stm32f4xx_it.o
 .debug_aranges
                0x00000000000001b0       0x28 Core/Src/system_stm32f4xx.o
 .debug_aranges
                0x00000000000001d8       0x30 Core/Src/tim.o
 .debug_aranges
                0x0000000000000208       0x28 Core/Startup/startup_stm32f446retx.o
 .debug_aranges
                0x0000000000000230       0xf0 Drivers/STM32F4xx_HAL_Driver/Src/stm32f4xx_hal.o
 .debug_aranges
                0x0000000000000320      0x118 Drivers/STM32F4xx_HAL_Driver/Src/stm32f4xx_hal_cortex.o
 .debug_aranges
                0x0000000000000438       0x90 Drivers/STM32F4xx_HAL_Driver/Src/stm32f4xx_hal_dma.o
 .debug_aranges
                0x00000000000004c8       0x58 Drivers/STM32F4xx_HAL_Driver/Src/stm32f4xx_hal_gpio.o
 .debug_aranges
                0x0000000000000520       0x88 Drivers/STM32F4xx_HAL_Driver/Src/stm32f4xx_hal_rcc.o
 .debug_aranges
                0x00000000000005a8       0x78 Drivers/STM32F4xx_HAL_Driver/Src/stm32f4xx_hal_rcc_ex.o
 .debug_aranges
                0x0000000000000620      0x1d0 Drivers/STM32F4xx_HAL_Driver/Src/stm32f4xx_hal_spi.o
 .debug_aranges
                0x00000000000007f0      0x3d0 Drivers/STM32F4xx_HAL_Driver/Src/stm32f4xx_hal_tim.o
 .debug_aranges
                0x0000000000000bc0      0x168 Drivers/STM32F4xx_HAL_Driver/Src/stm32f4xx_hal_tim_ex.o

.debug_ranges   0x0000000000000000      0xc00
 .debug_ranges  0x0000000000000000       0x60 Core/Src/LCD.o
 .debug_ranges  0x0000000000000060       0x10 Core/Src/dma.o
 .debug_ranges  0x0000000000000070       0x10 Core/Src/gpio.o
 .debug_ranges  0x0000000000000080       0x28 Core/Src/main.o
 .debug_ranges  0x00000000000000a8       0x20 Core/Src/spi.o
 .debug_ranges  0x00000000000000c8       0x10 Core/Src/stm32f4xx_hal_msp.o
 .debug_ranges  0x00000000000000d8       0x68 Core/Src/stm32f4xx_it.o
 .debug_ranges  0x0000000000000140       0x18 Core/Src/system_stm32f4xx.o
 .debug_ranges  0x0000000000000158       0x20 Core/Src/tim.o
 .debug_ranges  0x0000000000000178       0x20 Core/Startup/startup_stm32f446retx.o
 .debug_ranges  0x0000000000000198       0xe0 Drivers/STM32F4xx_HAL_Driver/Src/stm32f4xx_hal.o
 .debug_ranges  0x0000000000000278      0x108 Drivers/STM32F4xx_HAL_Driver/Src/stm32f4xx_hal_cortex.o
 .debug_ranges  0x0000000000000380       0x80 Drivers/STM32F4xx_HAL_Driver/Src/stm32f4xx_hal_dma.o
 .debug_ranges  0x0000000000000400       0x48 Drivers/STM32F4xx_HAL_Driver/Src/stm32f4xx_hal_gpio.o
 .debug_ranges  0x0000000000000448       0x78 Drivers/STM32F4xx_HAL_Driver/Src/stm32f4xx_hal_rcc.o
 .debug_ranges  0x00000000000004c0       0x68 Drivers/STM32F4xx_HAL_Driver/Src/stm32f4xx_hal_rcc_ex.o
 .debug_ranges  0x0000000000000528      0x1c0 Drivers/STM32F4xx_HAL_Driver/Src/stm32f4xx_hal_spi.o
 .debug_ranges  0x00000000000006e8      0x3c0 Drivers/STM32F4xx_HAL_Driver/Src/stm32f4xx_hal_tim.o
 .debug_ranges  0x0000000000000aa8      0x158 Drivers/STM32F4xx_HAL_Driver/Src/stm32f4xx_hal_tim_ex.o

.debug_macro    0x0000000000000000    0x225e2
 .debug_macro   0x0000000000000000      0x1ec Core/Src/LCD.o
 .debug_macro   0x00000000000001ec      0xaa8 Core/Src/LCD.o
 .debug_macro   0x0000000000000c94       0x2e Core/Src/LCD.o
 .debug_macro   0x0000000000000cc2       0x28 Core/Src/LCD.o
 .debug_macro   0x0000000000000cea       0x22 Core/Src/LCD.o
 .debug_macro   0x0000000000000d0c       0x8e Core/Src/LCD.o
 .debug_macro   0x0000000000000d9a       0x51 Core/Src/LCD.o
 .debug_macro   0x0000000000000deb      0x103 Core/Src/LCD.o
 .debug_macro   0x0000000000000eee       0x6a Core/Src/LCD.o
 .debug_macro   0x0000000000000f58      0x1df Core/Src/LCD.o
 .debug_macro   0x0000000000001137       0x1c Core/Src/LCD.o
 .debug_macro   0x0000000000001153       0x22 Core/Src/LCD.o
 .debug_macro   0x0000000000001175       0xdf Core/Src/LCD.o
 .debug_macro   0x0000000000001254     0x102d Core/Src/LCD.o
 .debug_macro   0x0000000000002281      0x11f Core/Src/LCD.o
 .debug_macro   0x00000000000023a0    0x16749 Core/Src/LCD.o
 .debug_macro   0x0000000000018ae9       0x6d Core/Src/LCD.o
 .debug_macro   0x0000000000018b56      0x29b Core/Src/LCD.o
 .debug_macro   0x0000000000018df1     0x3666 Core/Src/LCD.o
 .debug_macro   0x000000000001c457      0x174 Core/Src/LCD.o
 .debug_macro   0x000000000001c5cb       0x5c Core/Src/LCD.o
 .debug_macro   0x000000000001c627      0xc90 Core/Src/LCD.o
 .debug_macro   0x000000000001d2b7      0x9fe Core/Src/LCD.o
 .debug_macro   0x000000000001dcb5      0x116 Core/Src/LCD.o
 .debug_macro   0x000000000001ddcb      0x1a0 Core/Src/LCD.o
 .debug_macro   0x000000000001df6b       0xa5 Core/Src/LCD.o
 .debug_macro   0x000000000001e010      0x16d Core/Src/LCD.o
 .debug_macro   0x000000000001e17d      0x287 Core/Src/LCD.o
 .debug_macro   0x000000000001e404       0x5f Core/Src/LCD.o
 .debug_macro   0x000000000001e463      0x236 Core/Src/LCD.o
 .debug_macro   0x000000000001e699      0x132 Core/Src/LCD.o
 .debug_macro   0x000000000001e7cb      0x29c Core/Src/LCD.o
 .debug_macro   0x000000000001ea67       0x2e Core/Src/LCD.o
 .debug_macro   0x000000000001ea95      0x11a Core/Src/LCD.o
 .debug_macro   0x000000000001ebaf       0xe8 Core/Src/LCD.o
 .debug_macro   0x000000000001ec97       0x89 Core/Src/LCD.o
 .debug_macro   0x000000000001ed20      0x225 Core/Src/LCD.o
 .debug_macro   0x000000000001ef45      0x8d1 Core/Src/LCD.o
 .debug_macro   0x000000000001f816       0x4d Core/Src/LCD.o
 .debug_macro   0x000000000001f863      0x126 Core/Src/LCD.o
 .debug_macro   0x000000000001f989      0x1e7 Core/Src/dma.o
 .debug_macro   0x000000000001fb70       0x40 Core/Src/dma.o
 .debug_macro   0x000000000001fbb0      0x1e7 Core/Src/gpio.o
 .debug_macro   0x000000000001fd97      0x380 Core/Src/main.o
 .debug_macro   0x0000000000020117       0x52 Core/Src/main.o
 .debug_macro   0x0000000000020169       0x18 Core/Src/main.o
 .debug_macro   0x0000000000020181       0x3c Core/Src/main.o
 .debug_macro   0x00000000000201bd       0x34 Core/Src/main.o
 .debug_macro   0x00000000000201f1       0x16 Core/Src/main.o
 .debug_macro   0x0000000000020207       0x35 Core/Src/main.o
 .debug_macro   0x000000000002023c      0x333 Core/Src/main.o
 .debug_macro   0x000000000002056f       0x10 Core/Src/main.o
 .debug_macro   0x000000000002057f       0x16 Core/Src/main.o
 .debug_macro   0x0000000000020595       0x43 Core/Src/main.o
 .debug_macro   0x00000000000205d8       0x34 Core/Src/main.o
 .debug_macro   0x000000000002060c       0x10 Core/Src/main.o
 .debug_macro   0x000000000002061c       0x58 Core/Src/main.o
 .debug_macro   0x0000000000020674       0x71 Core/Src/main.o
 .debug_macro   0x00000000000206e5       0x1c Core/Src/main.o
 .debug_macro   0x0000000000020701      0x12a Core/Src/main.o
 .debug_macro   0x000000000002082b       0x10 Core/Src/main.o
 .debug_macro   0x000000000002083b       0x1c Core/Src/main.o
 .debug_macro   0x0000000000020857       0x52 Core/Src/main.o
 .debug_macro   0x00000000000208a9       0x22 Core/Src/main.o
 .debug_macro   0x00000000000208cb       0x10 Core/Src/main.o
 .debug_macro   0x00000000000208db       0x40 Core/Src/main.o
 .debug_macro   0x000000000002091b       0xd5 Core/Src/main.o
 .debug_macro   0x00000000000209f0       0x1c Core/Src/main.o
 .debug_macro   0x0000000000020a0c       0x3d Core/Src/main.o
 .debug_macro   0x0000000000020a49       0x16 Core/Src/main.o
 .debug_macro   0x0000000000020a5f      0x145 Core/Src/main.o
 .debug_macro   0x0000000000020ba4      0x1e7 Core/Src/spi.o
 .debug_macro   0x0000000000020d8b      0x1dd Core/Src/stm32f4xx_hal_msp.o
 .debug_macro   0x0000000000020f68      0x1e7 Core/Src/stm32f4xx_it.o
 .debug_macro   0x000000000002114f      0x1ce Core/Src/system_stm32f4xx.o
 .debug_macro   0x000000000002131d      0x1e7 Core/Src/tim.o
 .debug_macro   0x0000000000021504      0x22e Drivers/STM32F4xx_HAL_Driver/Src/stm32f4xx_hal.o
 .debug_macro   0x0000000000021732      0x1ce Drivers/STM32F4xx_HAL_Driver/Src/stm32f4xx_hal_cortex.o
 .debug_macro   0x0000000000021900      0x1d4 Drivers/STM32F4xx_HAL_Driver/Src/stm32f4xx_hal_dma.o
 .debug_macro   0x0000000000021ad4      0x1d4 Drivers/STM32F4xx_HAL_Driver/Src/stm32f4xx_hal_gpio.o
 .debug_macro   0x0000000000021ca8      0x1f2 Drivers/STM32F4xx_HAL_Driver/Src/stm32f4xx_hal_rcc.o
 .debug_macro   0x0000000000021e9a      0x1ce Drivers/STM32F4xx_HAL_Driver/Src/stm32f4xx_hal_rcc_ex.o
 .debug_macro   0x0000000000022068      0x1dd Drivers/STM32F4xx_HAL_Driver/Src/stm32f4xx_hal_spi.o
 .debug_macro   0x0000000000022245      0x1cf Drivers/STM32F4xx_HAL_Driver/Src/stm32f4xx_hal_tim.o
 .debug_macro   0x0000000000022414      0x1ce Drivers/STM32F4xx_HAL_Driver/Src/stm32f4xx_hal_tim_ex.o

.debug_line     0x0000000000000000    0x103c0
 .debug_line    0x0000000000000000      0x969 Core/Src/LCD.o
 .debug_line    0x0000000000000969      0x6c1 Core/Src/dma.o
 .debug_line    0x000000000000102a      0x6d2 Core/Src/gpio.o
 .debug_line    0x00000000000016fc      0xa57 Core/Src/main.o
 .debug_line    0x0000000000002153      0x761 Core/Src/spi.o
 .debug_line    0x00000000000028b4      0x6c6 Core/Src/stm32f4xx_hal_msp.o
 .debug_line    0x0000000000002f7a      0x7d0 Core/Src/stm32f4xx_it.o
 .debug_line    0x000000000000374a      0x747 Core/Src/system_stm32f4xx.o
 .debug_line    0x0000000000003e91      0x713 Core/Src/tim.o
 .debug_line    0x00000000000045a4       0x88 Core/Startup/startup_stm32f446retx.o
 .debug_line    0x000000000000462c      0x9ad Drivers/STM32F4xx_HAL_Driver/Src/stm32f4xx_hal.o
 .debug_line    0x0000000000004fd9      0xc5c Drivers/STM32F4xx_HAL_Driver/Src/stm32f4xx_hal_cortex.o
 .debug_line    0x0000000000005c35      0xf12 Drivers/STM32F4xx_HAL_Driver/Src/stm32f4xx_hal_dma.o
 .debug_line    0x0000000000006b47      0xb0f Drivers/STM32F4xx_HAL_Driver/Src/stm32f4xx_hal_gpio.o
 .debug_line    0x0000000000007656      0xd33 Drivers/STM32F4xx_HAL_Driver/Src/stm32f4xx_hal_rcc.o
 .debug_line    0x0000000000008389     0x13b7 Drivers/STM32F4xx_HAL_Driver/Src/stm32f4xx_hal_rcc_ex.o
 .debug_line    0x0000000000009740     0x1c35 Drivers/STM32F4xx_HAL_Driver/Src/stm32f4xx_hal_spi.o
 .debug_line    0x000000000000b375     0x36a1 Drivers/STM32F4xx_HAL_Driver/Src/stm32f4xx_hal_tim.o
 .debug_line    0x000000000000ea16     0x19aa Drivers/STM32F4xx_HAL_Driver/Src/stm32f4xx_hal_tim_ex.o

.debug_str      0x0000000000000000    0xd0553
 .debug_str     0x0000000000000000    0xc8a8a Core/Src/LCD.o
                                      0xc8d97 (size before relaxing)
 .debug_str     0x00000000000c8a8a      0x736 Core/Src/dma.o
                                      0xc8e69 (size before relaxing)
 .debug_str     0x00000000000c91c0       0x7e Core/Src/gpio.o
                                      0xc89da (size before relaxing)
 .debug_str     0x00000000000c923e     0x44a8 Core/Src/main.o
                                      0xcd3bd (size before relaxing)
 .debug_str     0x00000000000cd6e6       0x58 Core/Src/spi.o
                                      0xc9373 (size before relaxing)
 .debug_str     0x00000000000cd73e       0x2c Core/Src/stm32f4xx_hal_msp.o
                                      0xc893d (size before relaxing)
 .debug_str     0x00000000000cd76a      0x103 Core/Src/stm32f4xx_it.o
                                      0xc9017 (size before relaxing)
 .debug_str     0x00000000000cd86d       0xaf Core/Src/system_stm32f4xx.o
                                      0xc88d1 (size before relaxing)
 .debug_str     0x00000000000cd91c       0x5b Core/Src/tim.o
                                      0xc93f4 (size before relaxing)
 .debug_str     0x00000000000cd977       0x36 Core/Startup/startup_stm32f446retx.o
                                         0x75 (size before relaxing)
 .debug_str     0x00000000000cd9ad      0x571 Drivers/STM32F4xx_HAL_Driver/Src/stm32f4xx_hal.o
                                      0xc93f4 (size before relaxing)
 .debug_str     0x00000000000cdf1e      0x399 Drivers/STM32F4xx_HAL_Driver/Src/stm32f4xx_hal_cortex.o
                                      0xc91be (size before relaxing)
 .debug_str     0x00000000000ce2b7      0x315 Drivers/STM32F4xx_HAL_Driver/Src/stm32f4xx_hal_dma.o
                                      0xc8cd6 (size before relaxing)
 .debug_str     0x00000000000ce5cc      0x15f Drivers/STM32F4xx_HAL_Driver/Src/stm32f4xx_hal_gpio.o
                                      0xc8a78 (size before relaxing)
 .debug_str     0x00000000000ce72b      0x259 Drivers/STM32F4xx_HAL_Driver/Src/stm32f4xx_hal_rcc.o
                                      0xc8cd8 (size before relaxing)
 .debug_str     0x00000000000ce984      0x324 Drivers/STM32F4xx_HAL_Driver/Src/stm32f4xx_hal_rcc_ex.o
                                      0xc8d35 (size before relaxing)
 .debug_str     0x00000000000ceca8      0x563 Drivers/STM32F4xx_HAL_Driver/Src/stm32f4xx_hal_spi.o
                                      0xc9150 (size before relaxing)
 .debug_str     0x00000000000cf20b      0xe10 Drivers/STM32F4xx_HAL_Driver/Src/stm32f4xx_hal_tim.o
                                      0xc9bdb (size before relaxing)
 .debug_str     0x00000000000d001b      0x538 Drivers/STM32F4xx_HAL_Driver/Src/stm32f4xx_hal_tim_ex.o
                                      0xc938c (size before relaxing)

.comment        0x0000000000000000       0x53
 .comment       0x0000000000000000       0x53 Core/Src/LCD.o
                                         0x54 (size before relaxing)
 .comment       0x0000000000000053       0x54 Core/Src/dma.o
 .comment       0x0000000000000053       0x54 Core/Src/gpio.o
 .comment       0x0000000000000053       0x54 Core/Src/main.o
 .comment       0x0000000000000053       0x54 Core/Src/spi.o
 .comment       0x0000000000000053       0x54 Core/Src/stm32f4xx_hal_msp.o
 .comment       0x0000000000000053       0x54 Core/Src/stm32f4xx_it.o
 .comment       0x0000000000000053       0x54 Core/Src/system_stm32f4xx.o
 .comment       0x0000000000000053       0x54 Core/Src/tim.o
 .comment       0x0000000000000053       0x54 Drivers/STM32F4xx_HAL_Driver/Src/stm32f4xx_hal.o
 .comment       0x0000000000000053       0x54 Drivers/STM32F4xx_HAL_Driver/Src/stm32f4xx_hal_cortex.o
 .comment       0x0000000000000053       0x54 Drivers/STM32F4xx_HAL_Driver/Src/stm32f4xx_hal_dma.o
 .comment       0x0000000000000053       0x54 Drivers/STM32F4xx_HAL_Driver/Src/stm32f4xx_hal_gpio.o
 .comment       0x0000000000000053       0x54 Drivers/STM32F4xx_HAL_Driver/Src/stm32f4xx_hal_rcc.o
 .comment       0x0000000000000053       0x54 Drivers/STM32F4xx_HAL_Driver/Src/stm32f4xx_hal_rcc_ex.o
 .comment       0x0000000000000053       0x54 Drivers/STM32F4xx_HAL_Driver/Src/stm32f4xx_hal_spi.o
 .comment       0x0000000000000053       0x54 Drivers/STM32F4xx_HAL_Driver/Src/stm32f4xx_hal_tim.o
 .comment       0x0000000000000053       0x54 Drivers/STM32F4xx_HAL_Driver/Src/stm32f4xx_hal_tim_ex.o

.debug_frame    0x0000000000000000     0x35a8
 .debug_frame   0x0000000000000000      0x1a0 Core/Src/LCD.o
 .debug_frame   0x00000000000001a0       0x34 Core/Src/dma.o
 .debug_frame   0x00000000000001d4       0x34 Core/Src/gpio.o
 .debug_frame   0x0000000000000208       0x8c Core/Src/main.o
 .debug_frame   0x0000000000000294       0x74 Core/Src/spi.o
 .debug_frame   0x0000000000000308       0x38 Core/Src/stm32f4xx_hal_msp.o
 .debug_frame   0x0000000000000340      0x158 Core/Src/stm32f4xx_it.o
 .debug_frame   0x0000000000000498       0x58 Core/Src/system_stm32f4xx.o
 .debug_frame   0x00000000000004f0       0x74 Core/Src/tim.o
 .debug_frame   0x0000000000000564      0x374 Drivers/STM32F4xx_HAL_Driver/Src/stm32f4xx_hal.o
 .debug_frame   0x00000000000008d8      0x498 Drivers/STM32F4xx_HAL_Driver/Src/stm32f4xx_hal_cortex.o
 .debug_frame   0x0000000000000d70      0x250 Drivers/STM32F4xx_HAL_Driver/Src/stm32f4xx_hal_dma.o
 .debug_frame   0x0000000000000fc0      0x14c Drivers/STM32F4xx_HAL_Driver/Src/stm32f4xx_hal_gpio.o
 .debug_frame   0x000000000000110c      0x1ec Drivers/STM32F4xx_HAL_Driver/Src/stm32f4xx_hal_rcc.o
 .debug_frame   0x00000000000012f8      0x1e4 Drivers/STM32F4xx_HAL_Driver/Src/stm32f4xx_hal_rcc_ex.o
 .debug_frame   0x00000000000014dc      0x824 Drivers/STM32F4xx_HAL_Driver/Src/stm32f4xx_hal_spi.o
 .debug_frame   0x0000000000001d00     0x11c4 Drivers/STM32F4xx_HAL_Driver/Src/stm32f4xx_hal_tim.o
 .debug_frame   0x0000000000002ec4      0x638 Drivers/STM32F4xx_HAL_Driver/Src/stm32f4xx_hal_tim_ex.o
 .debug_frame   0x00000000000034fc       0x2c c:/st/stm32cubeide_1.6.0/stm32cubeide/plugins/com.st.stm32cube.ide.mcu.externaltools.gnu-tools-for-stm32.9-2020-q2-update.win32_1.5.0.202011040924/tools/bin/../lib/gcc/arm-none-eabi/9.3.1/../../../../arm-none-eabi/lib/thumb/v7e-m+fp/hard\libc_nano.a(lib_a-init.o)
 .debug_frame   0x0000000000003528       0x20 c:/st/stm32cubeide_1.6.0/stm32cubeide/plugins/com.st.stm32cube.ide.mcu.externaltools.gnu-tools-for-stm32.9-2020-q2-update.win32_1.5.0.202011040924/tools/bin/../lib/gcc/arm-none-eabi/9.3.1/../../../../arm-none-eabi/lib/thumb/v7e-m+fp/hard\libc_nano.a(lib_a-memset.o)
 .debug_frame   0x0000000000003548       0x2c c:/st/stm32cubeide_1.6.0/stm32cubeide/plugins/com.st.stm32cube.ide.mcu.externaltools.gnu-tools-for-stm32.9-2020-q2-update.win32_1.5.0.202011040924/tools/bin/../lib/gcc/arm-none-eabi/9.3.1/thumb/v7e-m+fp/hard\libgcc.a(_aeabi_uldivmod.o)
 .debug_frame   0x0000000000003574       0x34 c:/st/stm32cubeide_1.6.0/stm32cubeide/plugins/com.st.stm32cube.ide.mcu.externaltools.gnu-tools-for-stm32.9-2020-q2-update.win32_1.5.0.202011040924/tools/bin/../lib/gcc/arm-none-eabi/9.3.1/thumb/v7e-m+fp/hard\libgcc.a(_udivmoddi4.o)
