Archive member included to satisfy reference by file (symbol)

c:/st/stm32cubeide_1.6.0/stm32cubeide/plugins/com.st.stm32cube.ide.mcu.externaltools.gnu-tools-for-stm32.9-2020-q2-update.win32_1.5.0.202011040924/tools/bin/../lib/gcc/arm-none-eabi/9.3.1/../../../../arm-none-eabi/lib/thumb/v7e-m+fp/hard\libc_nano.a(lib_a-errno.o)
                              Core/Src/syscalls.o (__errno)
c:/st/stm32cubeide_1.6.0/stm32cubeide/plugins/com.st.stm32cube.ide.mcu.externaltools.gnu-tools-for-stm32.9-2020-q2-update.win32_1.5.0.202011040924/tools/bin/../lib/gcc/arm-none-eabi/9.3.1/../../../../arm-none-eabi/lib/thumb/v7e-m+fp/hard\libc_nano.a(lib_a-exit.o)
                              c:/st/stm32cubeide_1.6.0/stm32cubeide/plugins/com.st.stm32cube.ide.mcu.externaltools.gnu-tools-for-stm32.9-2020-q2-update.win32_1.5.0.202011040924/tools/bin/../lib/gcc/arm-none-eabi/9.3.1/../../../../arm-none-eabi/lib/thumb/v7e-m+fp/hard/crt0.o (exit)
c:/st/stm32cubeide_1.6.0/stm32cubeide/plugins/com.st.stm32cube.ide.mcu.externaltools.gnu-tools-for-stm32.9-2020-q2-update.win32_1.5.0.202011040924/tools/bin/../lib/gcc/arm-none-eabi/9.3.1/../../../../arm-none-eabi/lib/thumb/v7e-m+fp/hard\libc_nano.a(lib_a-impure.o)
                              c:/st/stm32cubeide_1.6.0/stm32cubeide/plugins/com.st.stm32cube.ide.mcu.externaltools.gnu-tools-for-stm32.9-2020-q2-update.win32_1.5.0.202011040924/tools/bin/../lib/gcc/arm-none-eabi/9.3.1/../../../../arm-none-eabi/lib/thumb/v7e-m+fp/hard\libc_nano.a(lib_a-exit.o) (_global_impure_ptr)
c:/st/stm32cubeide_1.6.0/stm32cubeide/plugins/com.st.stm32cube.ide.mcu.externaltools.gnu-tools-for-stm32.9-2020-q2-update.win32_1.5.0.202011040924/tools/bin/../lib/gcc/arm-none-eabi/9.3.1/../../../../arm-none-eabi/lib/thumb/v7e-m+fp/hard\libc_nano.a(lib_a-init.o)
                              c:/st/stm32cubeide_1.6.0/stm32cubeide/plugins/com.st.stm32cube.ide.mcu.externaltools.gnu-tools-for-stm32.9-2020-q2-update.win32_1.5.0.202011040924/tools/bin/../lib/gcc/arm-none-eabi/9.3.1/../../../../arm-none-eabi/lib/thumb/v7e-m+fp/hard/crt0.o (__libc_init_array)
c:/st/stm32cubeide_1.6.0/stm32cubeide/plugins/com.st.stm32cube.ide.mcu.externaltools.gnu-tools-for-stm32.9-2020-q2-update.win32_1.5.0.202011040924/tools/bin/../lib/gcc/arm-none-eabi/9.3.1/../../../../arm-none-eabi/lib/thumb/v7e-m+fp/hard\libc_nano.a(lib_a-memset.o)
                              c:/st/stm32cubeide_1.6.0/stm32cubeide/plugins/com.st.stm32cube.ide.mcu.externaltools.gnu-tools-for-stm32.9-2020-q2-update.win32_1.5.0.202011040924/tools/bin/../lib/gcc/arm-none-eabi/9.3.1/../../../../arm-none-eabi/lib/thumb/v7e-m+fp/hard/crt0.o (memset)
c:/st/stm32cubeide_1.6.0/stm32cubeide/plugins/com.st.stm32cube.ide.mcu.externaltools.gnu-tools-for-stm32.9-2020-q2-update.win32_1.5.0.202011040924/tools/bin/../lib/gcc/arm-none-eabi/9.3.1/thumb/v7e-m+fp/hard\libgcc.a(_aeabi_uldivmod.o)
                              Drivers/STM32F4xx_HAL_Driver/Src/stm32f4xx_hal_rcc.o (__aeabi_uldivmod)
c:/st/stm32cubeide_1.6.0/stm32cubeide/plugins/com.st.stm32cube.ide.mcu.externaltools.gnu-tools-for-stm32.9-2020-q2-update.win32_1.5.0.202011040924/tools/bin/../lib/gcc/arm-none-eabi/9.3.1/thumb/v7e-m+fp/hard\libgcc.a(_udivmoddi4.o)
                              c:/st/stm32cubeide_1.6.0/stm32cubeide/plugins/com.st.stm32cube.ide.mcu.externaltools.gnu-tools-for-stm32.9-2020-q2-update.win32_1.5.0.202011040924/tools/bin/../lib/gcc/arm-none-eabi/9.3.1/thumb/v7e-m+fp/hard\libgcc.a(_aeabi_uldivmod.o) (__udivmoddi4)
c:/st/stm32cubeide_1.6.0/stm32cubeide/plugins/com.st.stm32cube.ide.mcu.externaltools.gnu-tools-for-stm32.9-2020-q2-update.win32_1.5.0.202011040924/tools/bin/../lib/gcc/arm-none-eabi/9.3.1/thumb/v7e-m+fp/hard\libgcc.a(_dvmd_tls.o)
                              c:/st/stm32cubeide_1.6.0/stm32cubeide/plugins/com.st.stm32cube.ide.mcu.externaltools.gnu-tools-for-stm32.9-2020-q2-update.win32_1.5.0.202011040924/tools/bin/../lib/gcc/arm-none-eabi/9.3.1/thumb/v7e-m+fp/hard\libgcc.a(_aeabi_uldivmod.o) (__aeabi_ldiv0)

Allocating common symbols
Common symbol       size              file

hspi2               0x58              Core/Src/spi.o
uwTick              0x4               Drivers/STM32F4xx_HAL_Driver/Src/stm32f4xx_hal.o
pFlash              0x20              Drivers/STM32F4xx_HAL_Driver/Src/stm32f4xx_hal_flash.o
tela                0x1               Core/Src/main.o
htim11              0x48              Core/Src/tim.o
hlcd                0x20              Core/Src/main.o
me_display          0x1               Core/Src/main.o
a                   0x2               Core/Src/main.o
hdma_spi2_tx        0x60              Core/Src/spi.o
delayTela           0x2               Core/Src/main.o

Discarded input sections

 .text          0x0000000000000000        0x0 c:/st/stm32cubeide_1.6.0/stm32cubeide/plugins/com.st.stm32cube.ide.mcu.externaltools.gnu-tools-for-stm32.9-2020-q2-update.win32_1.5.0.202011040924/tools/bin/../lib/gcc/arm-none-eabi/9.3.1/thumb/v7e-m+fp/hard/crti.o
[...]
Memory Configuration

Name             Origin             Length             Attributes
RAM              0x0000000020000000 0x0000000000020000 xrw
FLASH            0x0000000008000000 0x0000000000080000 xr
*default*        0x0000000000000000 0xffffffffffffffff

Linker script and memory map

LOAD c:/st/stm32cubeide_1.6.0/stm32cubeide/plugins/com.st.stm32cube.ide.mcu.externaltools.gnu-tools-for-stm32.9-2020-q2-update.win32_1.5.0.202011040924/tools/bin/../lib/gcc/arm-none-eabi/9.3.1/thumb/v7e-m+fp/hard/crti.o
LOAD c:/st/stm32cubeide_1.6.0/stm32cubeide/plugins/com.st.stm32cube.ide.mcu.externaltools.gnu-tools-for-stm32.9-2020-q2-update.win32_1.5.0.202011040924/tools/bin/../lib/gcc/arm-none-eabi/9.3.1/thumb/v7e-m+fp/hard/crtbegin.o
LOAD c:/st/stm32cubeide_1.6.0/stm32cubeide/plugins/com.st.stm32cube.ide.mcu.externaltools.gnu-tools-for-stm32.9-2020-q2-update.win32_1.5.0.202011040924/tools/bin/../lib/gcc/arm-none-eabi/9.3.1/../../../../arm-none-eabi/lib/thumb/v7e-m+fp/hard/crt0.o
LOAD Core/Src/LCD.o
LOAD Core/Src/dma.o
LOAD Core/Src/gpio.o
LOAD Core/Src/main.o
LOAD Core/Src/spi.o
LOAD Core/Src/stm32f4xx_hal_msp.o
LOAD Core/Src/stm32f4xx_it.o
LOAD Core/Src/syscalls.o
LOAD Core/Src/sysmem.o
LOAD Core/Src/system_stm32f4xx.o
LOAD Core/Src/tim.o
LOAD Core/Startup/startup_stm32f446retx.o
LOAD Drivers/STM32F4xx_HAL_Driver/Src/stm32f4xx_hal.o
LOAD Drivers/STM32F4xx_HAL_Driver/Src/stm32f4xx_hal_cortex.o
LOAD Drivers/STM32F4xx_HAL_Driver/Src/stm32f4xx_hal_dma.o
LOAD Drivers/STM32F4xx_HAL_Driver/Src/stm32f4xx_hal_dma_ex.o
LOAD Drivers/STM32F4xx_HAL_Driver/Src/stm32f4xx_hal_exti.o
LOAD Drivers/STM32F4xx_HAL_Driver/Src/stm32f4xx_hal_flash.o
LOAD Drivers/STM32F4xx_HAL_Driver/Src/stm32f4xx_hal_flash_ex.o
LOAD Drivers/STM32F4xx_HAL_Driver/Src/stm32f4xx_hal_flash_ramfunc.o
LOAD Drivers/STM32F4xx_HAL_Driver/Src/stm32f4xx_hal_gpio.o
LOAD Drivers/STM32F4xx_HAL_Driver/Src/stm32f4xx_hal_pwr.o
LOAD Drivers/STM32F4xx_HAL_Driver/Src/stm32f4xx_hal_pwr_ex.o
LOAD Drivers/STM32F4xx_HAL_Driver/Src/stm32f4xx_hal_rcc.o
LOAD Drivers/STM32F4xx_HAL_Driver/Src/stm32f4xx_hal_rcc_ex.o
LOAD Drivers/STM32F4xx_HAL_Driver/Src/stm32f4xx_hal_spi.o
LOAD Drivers/STM32F4xx_HAL_Driver/Src/stm32f4xx_hal_tim.o
LOAD Drivers/STM32F4xx_HAL_Driver/Src/stm32f4xx_hal_tim_ex.o
START GROUP
LOAD c:/st/stm32cubeide_1.6.0/stm32cubeide/plugins/com.st.stm32cube.ide.mcu.externaltools.gnu-tools-for-stm32.9-2020-q2-update.win32_1.5.0.202011040924/tools/bin/../lib/gcc/arm-none-eabi/9.3.1/../../../../arm-none-eabi/lib/thumb/v7e-m+fp/hard\libc_nano.a
LOAD c:/st/stm32cubeide_1.6.0/stm32cubeide/plugins/com.st.stm32cube.ide.mcu.externaltools.gnu-tools-for-stm32.9-2020-q2-update.win32_1.5.0.202011040924/tools/bin/../lib/gcc/arm-none-eabi/9.3.1/../../../../arm-none-eabi/lib/thumb/v7e-m+fp/hard\libm.a
END GROUP
START GROUP
LOAD c:/st/stm32cubeide_1.6.0/stm32cubeide/plugins/com.st.stm32cube.ide.mcu.externaltools.gnu-tools-for-stm32.9-2020-q2-update.win32_1.5.0.202011040924/tools/bin/../lib/gcc/arm-none-eabi/9.3.1/thumb/v7e-m+fp/hard\libgcc.a
LOAD c:/st/stm32cubeide_1.6.0/stm32cubeide/plugins/com.st.stm32cube.ide.mcu.externaltools.gnu-tools-for-stm32.9-2020-q2-update.win32_1.5.0.202011040924/tools/bin/../lib/gcc/arm-none-eabi/9.3.1/../../../../arm-none-eabi/lib/thumb/v7e-m+fp/hard\libc_nano.a
END GROUP
START GROUP
LOAD c:/st/stm32cubeide_1.6.0/stm32cubeide/plugins/com.st.stm32cube.ide.mcu.externaltools.gnu-tools-for-stm32.9-2020-q2-update.win32_1.5.0.202011040924/tools/bin/../lib/gcc/arm-none-eabi/9.3.1/thumb/v7e-m+fp/hard\libgcc.a
LOAD c:/st/stm32cubeide_1.6.0/stm32cubeide/plugins/com.st.stm32cube.ide.mcu.externaltools.gnu-tools-for-stm32.9-2020-q2-update.win32_1.5.0.202011040924/tools/bin/../lib/gcc/arm-none-eabi/9.3.1/../../../../arm-none-eabi/lib/thumb/v7e-m+fp/hard\libc_nano.a
LOAD c:/st/stm32cubeide_1.6.0/stm32cubeide/plugins/com.st.stm32cube.ide.mcu.externaltools.gnu-tools-for-stm32.9-2020-q2-update.win32_1.5.0.202011040924/tools/bin/../lib/gcc/arm-none-eabi/9.3.1/../../../../arm-none-eabi/lib/thumb/v7e-m+fp/hard\libnosys.a
END GROUP
START GROUP
LOAD c:/st/stm32cubeide_1.6.0/stm32cubeide/plugins/com.st.stm32cube.ide.mcu.externaltools.gnu-tools-for-stm32.9-2020-q2-update.win32_1.5.0.202011040924/tools/bin/../lib/gcc/arm-none-eabi/9.3.1/thumb/v7e-m+fp/hard\libgcc.a
LOAD c:/st/stm32cubeide_1.6.0/stm32cubeide/plugins/com.st.stm32cube.ide.mcu.externaltools.gnu-tools-for-stm32.9-2020-q2-update.win32_1.5.0.202011040924/tools/bin/../lib/gcc/arm-none-eabi/9.3.1/../../../../arm-none-eabi/lib/thumb/v7e-m+fp/hard\libc_nano.a
LOAD c:/st/stm32cubeide_1.6.0/stm32cubeide/plugins/com.st.stm32cube.ide.mcu.externaltools.gnu-tools-for-stm32.9-2020-q2-update.win32_1.5.0.202011040924/tools/bin/../lib/gcc/arm-none-eabi/9.3.1/../../../../arm-none-eabi/lib/thumb/v7e-m+fp/hard\libnosys.a
END GROUP
LOAD c:/st/stm32cubeide_1.6.0/stm32cubeide/plugins/com.st.stm32cube.ide.mcu.externaltools.gnu-tools-for-stm32.9-2020-q2-update.win32_1.5.0.202011040924/tools/bin/../lib/gcc/arm-none-eabi/9.3.1/thumb/v7e-m+fp/hard/crtend.o
LOAD c:/st/stm32cubeide_1.6.0/stm32cubeide/plugins/com.st.stm32cube.ide.mcu.externaltools.gnu-tools-for-stm32.9-2020-q2-update.win32_1.5.0.202011040924/tools/bin/../lib/gcc/arm-none-eabi/9.3.1/thumb/v7e-m+fp/hard/crtn.o
                0x0000000020020000                _estack = (ORIGIN (RAM) + LENGTH (RAM))
                0x0000000000000200                _Min_Heap_Size = 0x200
                0x0000000000000400                _Min_Stack_Size = 0x400

.isr_vector     0x0000000008000000      0x1c4
                0x0000000008000000                . = ALIGN (0x4)
 *(.isr_vector)
 .isr_vector    0x0000000008000000      0x1c4 Core/Startup/startup_stm32f446retx.o
                0x0000000008000000                g_pfnVectors
                0x00000000080001c4                . = ALIGN (0x4)

.text           0x00000000080001c4     0x38c4
                0x00000000080001c4                . = ALIGN (0x4)
 *(.text)
 .text          0x00000000080001c4       0x40 c:/st/stm32cubeide_1.6.0/stm32cubeide/plugins/com.st.stm32cube.ide.mcu.externaltools.gnu-tools-for-stm32.9-2020-q2-update.win32_1.5.0.202011040924/tools/bin/../lib/gcc/arm-none-eabi/9.3.1/thumb/v7e-m+fp/hard/crtbegin.o
 .text          0x0000000008000204       0x30 c:/st/stm32cubeide_1.6.0/stm32cubeide/plugins/com.st.stm32cube.ide.mcu.externaltools.gnu-tools-for-stm32.9-2020-q2-update.win32_1.5.0.202011040924/tools/bin/../lib/gcc/arm-none-eabi/9.3.1/thumb/v7e-m+fp/hard\libgcc.a(_aeabi_uldivmod.o)
                0x0000000008000204                __aeabi_uldivmod
 .text          0x0000000008000234      0x2c4 c:/st/stm32cubeide_1.6.0/stm32cubeide/plugins/com.st.stm32cube.ide.mcu.externaltools.gnu-tools-for-stm32.9-2020-q2-update.win32_1.5.0.202011040924/tools/bin/../lib/gcc/arm-none-eabi/9.3.1/thumb/v7e-m+fp/hard\libgcc.a(_udivmoddi4.o)
                0x0000000008000234                __udivmoddi4
 .text          0x00000000080004f8        0x4 c:/st/stm32cubeide_1.6.0/stm32cubeide/plugins/com.st.stm32cube.ide.mcu.externaltools.gnu-tools-for-stm32.9-2020-q2-update.win32_1.5.0.202011040924/tools/bin/../lib/gcc/arm-none-eabi/9.3.1/thumb/v7e-m+fp/hard\libgcc.a(_dvmd_tls.o)
                0x00000000080004f8                __aeabi_idiv0
                0x00000000080004f8                __aeabi_ldiv0
 *(.text*)
 .text.LCD5110_init
                0x00000000080004fc      0x138 Core/Src/LCD.o
                0x00000000080004fc                LCD5110_init
 .text.LCD5110_write
                0x0000000008000634       0x2c Core/Src/LCD.o
                0x0000000008000634                LCD5110_write
 .text.LCD_write_BLK
                0x0000000008000660       0x90 Core/Src/LCD.o
                0x0000000008000660                LCD_write_BLK
 .text.LCD_write_IT
                0x00000000080006f0       0x70 Core/Src/LCD.o
                0x00000000080006f0                LCD_write_IT
 .text.LCD_write_DMA
                0x0000000008000760       0x70 Core/Src/LCD.o
                0x0000000008000760                LCD_write_DMA
 .text.HAL_SPI_TxCpltCallback
                0x00000000080007d0       0x44 Core/Src/LCD.o
                0x00000000080007d0                HAL_SPI_TxCpltCallback
 .text.LCD_draw_char
                0x0000000008000814       0x54 Core/Src/LCD.o
                0x0000000008000814                LCD_draw_char
 .text.LCD_draw_string
                0x0000000008000868       0x48 Core/Src/LCD.o
                0x0000000008000868                LCD_draw_string
 .text.LCD5110_write_str
                0x00000000080008b0       0x54 Core/Src/LCD.o
                0x00000000080008b0                LCD5110_write_str
 .text.LCD5110_clear
                0x0000000008000904       0x44 Core/Src/LCD.o
                0x0000000008000904                LCD5110_clear
 .text.LCD5110_set_XY
                0x0000000008000948       0x88 Core/Src/LCD.o
                0x0000000008000948                LCD5110_set_XY
 .text.MX_DMA_Init
                0x00000000080009d0       0x40 Core/Src/dma.o
                0x00000000080009d0                MX_DMA_Init
 .text.MX_GPIO_Init
                0x0000000008000a10       0x68 Core/Src/gpio.o
                0x0000000008000a10                MX_GPIO_Init
 .text.main     0x0000000008000a78       0xd4 Core/Src/main.o
                0x0000000008000a78                main
 .text.SystemClock_Config
                0x0000000008000b4c       0xd8 Core/Src/main.o
                0x0000000008000b4c                SystemClock_Config
 .text.HAL_TIM_PeriodElapsedCallback
                0x0000000008000c24      0x16c Core/Src/main.o
                0x0000000008000c24                HAL_TIM_PeriodElapsedCallback
 .text.Error_Handler
                0x0000000008000d90        0xa Core/Src/main.o
                0x0000000008000d90                Error_Handler
 *fill*         0x0000000008000d9a        0x2 
 .text.MX_SPI2_Init
                0x0000000008000d9c       0x6c Core/Src/spi.o
                0x0000000008000d9c                MX_SPI2_Init
 .text.HAL_SPI_MspInit
                0x0000000008000e08      0x104 Core/Src/spi.o
                0x0000000008000e08                HAL_SPI_MspInit
 .text.HAL_MspInit
                0x0000000008000f0c       0x50 Core/Src/stm32f4xx_hal_msp.o
                0x0000000008000f0c                HAL_MspInit
 .text.NMI_Handler
                0x0000000008000f5c        0x6 Core/Src/stm32f4xx_it.o
                0x0000000008000f5c                NMI_Handler
 .text.HardFault_Handler
                0x0000000008000f62        0x6 Core/Src/stm32f4xx_it.o
                0x0000000008000f62                HardFault_Handler
 .text.MemManage_Handler
                0x0000000008000f68        0x6 Core/Src/stm32f4xx_it.o
                0x0000000008000f68                MemManage_Handler
 .text.BusFault_Handler
                0x0000000008000f6e        0x6 Core/Src/stm32f4xx_it.o
                0x0000000008000f6e                BusFault_Handler
 .text.UsageFault_Handler
                0x0000000008000f74        0x6 Core/Src/stm32f4xx_it.o
                0x0000000008000f74                UsageFault_Handler
 .text.SVC_Handler
                0x0000000008000f7a        0xe Core/Src/stm32f4xx_it.o
                0x0000000008000f7a                SVC_Handler
 .text.DebugMon_Handler
                0x0000000008000f88        0xe Core/Src/stm32f4xx_it.o
                0x0000000008000f88                DebugMon_Handler
 .text.PendSV_Handler
                0x0000000008000f96        0xe Core/Src/stm32f4xx_it.o
                0x0000000008000f96                PendSV_Handler
 .text.SysTick_Handler
                0x0000000008000fa4        0xc Core/Src/stm32f4xx_it.o
                0x0000000008000fa4                SysTick_Handler
 .text.DMA1_Stream4_IRQHandler
                0x0000000008000fb0       0x14 Core/Src/stm32f4xx_it.o
                0x0000000008000fb0                DMA1_Stream4_IRQHandler
 .text.TIM1_TRG_COM_TIM11_IRQHandler
                0x0000000008000fc4       0x14 Core/Src/stm32f4xx_it.o
                0x0000000008000fc4                TIM1_TRG_COM_TIM11_IRQHandler
 .text.SPI2_IRQHandler
                0x0000000008000fd8       0x14 Core/Src/stm32f4xx_it.o
                0x0000000008000fd8                SPI2_IRQHandler
 .text.SystemInit
                0x0000000008000fec       0x24 Core/Src/system_stm32f4xx.o
                0x0000000008000fec                SystemInit
 .text.MX_TIM11_Init
                0x0000000008001010       0x48 Core/Src/tim.o
                0x0000000008001010                MX_TIM11_Init
 .text.HAL_TIM_Base_MspInit
                0x0000000008001058       0x50 Core/Src/tim.o
                0x0000000008001058                HAL_TIM_Base_MspInit
 .text.Reset_Handler
                0x00000000080010a8       0x50 Core/Startup/startup_stm32f446retx.o
                0x00000000080010a8                Reset_Handler
 .text.Default_Handler
                0x00000000080010f8        0x2 Core/Startup/startup_stm32f446retx.o
                0x00000000080010f8                RTC_Alarm_IRQHandler
                0x00000000080010f8                EXTI2_IRQHandler
                0x00000000080010f8                TIM8_CC_IRQHandler
                0x00000000080010f8                FMPI2C1_EV_IRQHandler
                0x00000000080010f8                SPI4_IRQHandler
                0x00000000080010f8                TIM1_CC_IRQHandler
                0x00000000080010f8                DMA2_Stream5_IRQHandler
                0x00000000080010f8                DMA1_Stream5_IRQHandler
                0x00000000080010f8                PVD_IRQHandler
                0x00000000080010f8                SDIO_IRQHandler
                0x00000000080010f8                TAMP_STAMP_IRQHandler
                0x00000000080010f8                CAN2_RX1_IRQHandler
                0x00000000080010f8                EXTI3_IRQHandler
                0x00000000080010f8                TIM8_TRG_COM_TIM14_IRQHandler
                0x00000000080010f8                TIM1_UP_TIM10_IRQHandler
                0x00000000080010f8                TIM8_UP_TIM13_IRQHandler
                0x00000000080010f8                I2C3_ER_IRQHandler
                0x00000000080010f8                EXTI0_IRQHandler
                0x00000000080010f8                I2C2_EV_IRQHandler
                0x00000000080010f8                DMA1_Stream2_IRQHandler
                0x00000000080010f8                CAN1_RX0_IRQHandler
                0x00000000080010f8                FPU_IRQHandler
                0x00000000080010f8                OTG_HS_WKUP_IRQHandler
                0x00000000080010f8                CAN2_SCE_IRQHandler
                0x00000000080010f8                DMA2_Stream2_IRQHandler
                0x00000000080010f8                SPI1_IRQHandler
                0x00000000080010f8                TIM6_DAC_IRQHandler
                0x00000000080010f8                TIM1_BRK_TIM9_IRQHandler
                0x00000000080010f8                DCMI_IRQHandler
                0x00000000080010f8                CAN2_RX0_IRQHandler
                0x00000000080010f8                DMA2_Stream3_IRQHandler
                0x00000000080010f8                SAI2_IRQHandler
                0x00000000080010f8                USART6_IRQHandler
                0x00000000080010f8                USART3_IRQHandler
                0x00000000080010f8                CAN1_RX1_IRQHandler
                0x00000000080010f8                UART5_IRQHandler
                0x00000000080010f8                DMA2_Stream0_IRQHandler
                0x00000000080010f8                TIM4_IRQHandler
                0x00000000080010f8                QUADSPI_IRQHandler
                0x00000000080010f8                I2C1_EV_IRQHandler
                0x00000000080010f8                DMA1_Stream6_IRQHandler
                0x00000000080010f8                DMA1_Stream1_IRQHandler
                0x00000000080010f8                UART4_IRQHandler
                0x00000000080010f8                TIM3_IRQHandler
                0x00000000080010f8                RCC_IRQHandler
                0x00000000080010f8                TIM8_BRK_TIM12_IRQHandler
                0x00000000080010f8                Default_Handler
                0x00000000080010f8                CEC_IRQHandler
                0x00000000080010f8                EXTI15_10_IRQHandler
                0x00000000080010f8                ADC_IRQHandler
                0x00000000080010f8                DMA1_Stream7_IRQHandler
                0x00000000080010f8                TIM7_IRQHandler
                0x00000000080010f8                CAN2_TX_IRQHandler
                0x00000000080010f8                TIM5_IRQHandler
                0x00000000080010f8                DMA2_Stream7_IRQHandler
                0x00000000080010f8                I2C3_EV_IRQHandler
                0x00000000080010f8                EXTI9_5_IRQHandler
                0x00000000080010f8                RTC_WKUP_IRQHandler
                0x00000000080010f8                SPDIF_RX_IRQHandler
                0x00000000080010f8                OTG_HS_EP1_IN_IRQHandler
                0x00000000080010f8                DMA1_Stream0_IRQHandler
                0x00000000080010f8                CAN1_TX_IRQHandler
                0x00000000080010f8                FMPI2C1_ER_IRQHandler
                0x00000000080010f8                EXTI4_IRQHandler
                0x00000000080010f8                OTG_HS_EP1_OUT_IRQHandler
                0x00000000080010f8                WWDG_IRQHandler
                0x00000000080010f8                TIM2_IRQHandler
                0x00000000080010f8                OTG_FS_WKUP_IRQHandler
                0x00000000080010f8                OTG_HS_IRQHandler
                0x00000000080010f8                EXTI1_IRQHandler
                0x00000000080010f8                USART2_IRQHandler
                0x00000000080010f8                I2C2_ER_IRQHandler
                0x00000000080010f8                DMA2_Stream1_IRQHandler
                0x00000000080010f8                CAN1_SCE_IRQHandler
                0x00000000080010f8                FLASH_IRQHandler
                0x00000000080010f8                DMA2_Stream4_IRQHandler
                0x00000000080010f8                USART1_IRQHandler
                0x00000000080010f8                OTG_FS_IRQHandler
                0x00000000080010f8                SPI3_IRQHandler
                0x00000000080010f8                I2C1_ER_IRQHandler
                0x00000000080010f8                FMC_IRQHandler
                0x00000000080010f8                DMA2_Stream6_IRQHandler
                0x00000000080010f8                SAI1_IRQHandler
                0x00000000080010f8                DMA1_Stream3_IRQHandler
 *fill*         0x00000000080010fa        0x2 
 .text.HAL_Init
                0x00000000080010fc       0x44 Drivers/STM32F4xx_HAL_Driver/Src/stm32f4xx_hal.o
                0x00000000080010fc                HAL_Init
 .text.HAL_InitTick
                0x0000000008001140       0x60 Drivers/STM32F4xx_HAL_Driver/Src/stm32f4xx_hal.o
                0x0000000008001140                HAL_InitTick
 .text.HAL_IncTick
                0x00000000080011a0       0x28 Drivers/STM32F4xx_HAL_Driver/Src/stm32f4xx_hal.o
                0x00000000080011a0                HAL_IncTick
 .text.HAL_GetTick
                0x00000000080011c8       0x18 Drivers/STM32F4xx_HAL_Driver/Src/stm32f4xx_hal.o
                0x00000000080011c8                HAL_GetTick
 .text.HAL_Delay
                0x00000000080011e0       0x48 Drivers/STM32F4xx_HAL_Driver/Src/stm32f4xx_hal.o
                0x00000000080011e0                HAL_Delay
 .text.__NVIC_SetPriorityGrouping
                0x0000000008001228       0x48 Drivers/STM32F4xx_HAL_Driver/Src/stm32f4xx_hal_cortex.o
 .text.__NVIC_GetPriorityGrouping
                0x0000000008001270       0x1c Drivers/STM32F4xx_HAL_Driver/Src/stm32f4xx_hal_cortex.o
 .text.__NVIC_EnableIRQ
                0x000000000800128c       0x3c Drivers/STM32F4xx_HAL_Driver/Src/stm32f4xx_hal_cortex.o
 .text.__NVIC_SetPriority
                0x00000000080012c8       0x54 Drivers/STM32F4xx_HAL_Driver/Src/stm32f4xx_hal_cortex.o
 .text.NVIC_EncodePriority
                0x000000000800131c       0x66 Drivers/STM32F4xx_HAL_Driver/Src/stm32f4xx_hal_cortex.o
 *fill*         0x0000000008001382        0x2 
 .text.SysTick_Config
                0x0000000008001384       0x44 Drivers/STM32F4xx_HAL_Driver/Src/stm32f4xx_hal_cortex.o
 .text.HAL_NVIC_SetPriorityGrouping
                0x00000000080013c8       0x16 Drivers/STM32F4xx_HAL_Driver/Src/stm32f4xx_hal_cortex.o
                0x00000000080013c8                HAL_NVIC_SetPriorityGrouping
 .text.HAL_NVIC_SetPriority
                0x00000000080013de       0x38 Drivers/STM32F4xx_HAL_Driver/Src/stm32f4xx_hal_cortex.o
                0x00000000080013de                HAL_NVIC_SetPriority
 .text.HAL_NVIC_EnableIRQ
                0x0000000008001416       0x1c Drivers/STM32F4xx_HAL_Driver/Src/stm32f4xx_hal_cortex.o
                0x0000000008001416                HAL_NVIC_EnableIRQ
 .text.HAL_SYSTICK_Config
                0x0000000008001432       0x18 Drivers/STM32F4xx_HAL_Driver/Src/stm32f4xx_hal_cortex.o
                0x0000000008001432                HAL_SYSTICK_Config
 *fill*         0x000000000800144a        0x2 
 .text.HAL_DMA_Init
                0x000000000800144c      0x15c Drivers/STM32F4xx_HAL_Driver/Src/stm32f4xx_hal_dma.o
                0x000000000800144c                HAL_DMA_Init
 .text.HAL_DMA_Start_IT
                0x00000000080015a8       0xb0 Drivers/STM32F4xx_HAL_Driver/Src/stm32f4xx_hal_dma.o
                0x00000000080015a8                HAL_DMA_Start_IT
 .text.HAL_DMA_Abort_IT
                0x0000000008001658       0x44 Drivers/STM32F4xx_HAL_Driver/Src/stm32f4xx_hal_dma.o
                0x0000000008001658                HAL_DMA_Abort_IT
 .text.HAL_DMA_IRQHandler
                0x000000000800169c      0x314 Drivers/STM32F4xx_HAL_Driver/Src/stm32f4xx_hal_dma.o
                0x000000000800169c                HAL_DMA_IRQHandler
 .text.DMA_SetConfig
                0x00000000080019b0       0x5c Drivers/STM32F4xx_HAL_Driver/Src/stm32f4xx_hal_dma.o
 .text.DMA_CalcBaseAndBitshift
                0x0000000008001a0c       0x6c Drivers/STM32F4xx_HAL_Driver/Src/stm32f4xx_hal_dma.o
 .text.DMA_CheckFifoParam
                0x0000000008001a78       0xf8 Drivers/STM32F4xx_HAL_Driver/Src/stm32f4xx_hal_dma.o
 .text.HAL_GPIO_Init
                0x0000000008001b70      0x328 Drivers/STM32F4xx_HAL_Driver/Src/stm32f4xx_hal_gpio.o
                0x0000000008001b70                HAL_GPIO_Init
 .text.HAL_GPIO_WritePin
                0x0000000008001e98       0x32 Drivers/STM32F4xx_HAL_Driver/Src/stm32f4xx_hal_gpio.o
                0x0000000008001e98                HAL_GPIO_WritePin
 *fill*         0x0000000008001eca        0x2 
 .text.HAL_RCC_ClockConfig
                0x0000000008001ecc      0x1cc Drivers/STM32F4xx_HAL_Driver/Src/stm32f4xx_hal_rcc.o
                0x0000000008001ecc                HAL_RCC_ClockConfig
 .text.HAL_RCC_GetSysClockFreq
                0x0000000008002098      0x2b8 Drivers/STM32F4xx_HAL_Driver/Src/stm32f4xx_hal_rcc_ex.o
                0x0000000008002098                HAL_RCC_GetSysClockFreq
 .text.HAL_RCC_OscConfig
                0x0000000008002350      0x53c Drivers/STM32F4xx_HAL_Driver/Src/stm32f4xx_hal_rcc_ex.o
                0x0000000008002350                HAL_RCC_OscConfig
 .text.HAL_SPI_Init
                0x000000000800288c      0x112 Drivers/STM32F4xx_HAL_Driver/Src/stm32f4xx_hal_spi.o
                0x000000000800288c                HAL_SPI_Init
 .text.HAL_SPI_Transmit
                0x000000000800299e      0x278 Drivers/STM32F4xx_HAL_Driver/Src/stm32f4xx_hal_spi.o
                0x000000000800299e                HAL_SPI_Transmit
 *fill*         0x0000000008002c16        0x2 
 .text.HAL_SPI_Transmit_IT
                0x0000000008002c18      0x114 Drivers/STM32F4xx_HAL_Driver/Src/stm32f4xx_hal_spi.o
                0x0000000008002c18                HAL_SPI_Transmit_IT
 .text.HAL_SPI_Transmit_DMA
                0x0000000008002d2c      0x16c Drivers/STM32F4xx_HAL_Driver/Src/stm32f4xx_hal_spi.o
                0x0000000008002d2c                HAL_SPI_Transmit_DMA
 .text.HAL_SPI_IRQHandler
                0x0000000008002e98      0x200 Drivers/STM32F4xx_HAL_Driver/Src/stm32f4xx_hal_spi.o
                0x0000000008002e98                HAL_SPI_IRQHandler
 .text.HAL_SPI_TxHalfCpltCallback
                0x0000000008003098       0x14 Drivers/STM32F4xx_HAL_Driver/Src/stm32f4xx_hal_spi.o
                0x0000000008003098                HAL_SPI_TxHalfCpltCallback
 .text.HAL_SPI_ErrorCallback
                0x00000000080030ac       0x14 Drivers/STM32F4xx_HAL_Driver/Src/stm32f4xx_hal_spi.o
                0x00000000080030ac                HAL_SPI_ErrorCallback
 .text.SPI_DMATransmitCplt
                0x00000000080030c0       0xa8 Drivers/STM32F4xx_HAL_Driver/Src/stm32f4xx_hal_spi.o
 .text.SPI_DMAHalfTransmitCplt
                0x0000000008003168       0x1c Drivers/STM32F4xx_HAL_Driver/Src/stm32f4xx_hal_spi.o
 .text.SPI_DMAError
                0x0000000008003184       0x40 Drivers/STM32F4xx_HAL_Driver/Src/stm32f4xx_hal_spi.o
 .text.SPI_DMAAbortOnError
                0x00000000080031c4       0x28 Drivers/STM32F4xx_HAL_Driver/Src/stm32f4xx_hal_spi.o
 .text.SPI_TxISR_8BIT
                0x00000000080031ec       0x46 Drivers/STM32F4xx_HAL_Driver/Src/stm32f4xx_hal_spi.o
 .text.SPI_TxISR_16BIT
                0x0000000008003232       0x44 Drivers/STM32F4xx_HAL_Driver/Src/stm32f4xx_hal_spi.o
 *fill*         0x0000000008003276        0x2 
 .text.SPI_WaitFlagStateUntilTimeout
                0x0000000008003278      0x110 Drivers/STM32F4xx_HAL_Driver/Src/stm32f4xx_hal_spi.o
 .text.SPI_EndRxTxTransaction
                0x0000000008003388       0x84 Drivers/STM32F4xx_HAL_Driver/Src/stm32f4xx_hal_spi.o
 .text.SPI_CloseTx_ISR
                0x000000000800340c       0xc4 Drivers/STM32F4xx_HAL_Driver/Src/stm32f4xx_hal_spi.o
 .text.HAL_TIM_Base_Init
                0x00000000080034d0       0x9e Drivers/STM32F4xx_HAL_Driver/Src/stm32f4xx_hal_tim.o
                0x00000000080034d0                HAL_TIM_Base_Init
 *fill*         0x000000000800356e        0x2 
 .text.HAL_TIM_Base_Start_IT
                0x0000000008003570       0xe0 Drivers/STM32F4xx_HAL_Driver/Src/stm32f4xx_hal_tim.o
                0x0000000008003570                HAL_TIM_Base_Start_IT
 .text.HAL_TIM_IRQHandler
                0x0000000008003650      0x210 Drivers/STM32F4xx_HAL_Driver/Src/stm32f4xx_hal_tim.o
                0x0000000008003650                HAL_TIM_IRQHandler
 .text.HAL_TIM_OC_DelayElapsedCallback
                0x0000000008003860       0x14 Drivers/STM32F4xx_HAL_Driver/Src/stm32f4xx_hal_tim.o
                0x0000000008003860                HAL_TIM_OC_DelayElapsedCallback
 .text.HAL_TIM_IC_CaptureCallback
                0x0000000008003874       0x14 Drivers/STM32F4xx_HAL_Driver/Src/stm32f4xx_hal_tim.o
                0x0000000008003874                HAL_TIM_IC_CaptureCallback
 .text.HAL_TIM_PWM_PulseFinishedCallback
                0x0000000008003888       0x14 Drivers/STM32F4xx_HAL_Driver/Src/stm32f4xx_hal_tim.o
                0x0000000008003888                HAL_TIM_PWM_PulseFinishedCallback
 .text.HAL_TIM_TriggerCallback
                0x000000000800389c       0x14 Drivers/STM32F4xx_HAL_Driver/Src/stm32f4xx_hal_tim.o
                0x000000000800389c                HAL_TIM_TriggerCallback
 .text.TIM_Base_SetConfig
                0x00000000080038b0      0x140 Drivers/STM32F4xx_HAL_Driver/Src/stm32f4xx_hal_tim.o
                0x00000000080038b0                TIM_Base_SetConfig
 .text.HAL_TIMEx_CommutCallback
                0x00000000080039f0       0x14 Drivers/STM32F4xx_HAL_Driver/Src/stm32f4xx_hal_tim_ex.o
                0x00000000080039f0                HAL_TIMEx_CommutCallback
 .text.HAL_TIMEx_BreakCallback
                0x0000000008003a04       0x14 Drivers/STM32F4xx_HAL_Driver/Src/stm32f4xx_hal_tim_ex.o
                0x0000000008003a04                HAL_TIMEx_BreakCallback
 .text.__libc_init_array
                0x0000000008003a18       0x48 c:/st/stm32cubeide_1.6.0/stm32cubeide/plugins/com.st.stm32cube.ide.mcu.externaltools.gnu-tools-for-stm32.9-2020-q2-update.win32_1.5.0.202011040924/tools/bin/../lib/gcc/arm-none-eabi/9.3.1/../../../../arm-none-eabi/lib/thumb/v7e-m+fp/hard\libc_nano.a(lib_a-init.o)
                0x0000000008003a18                __libc_init_array
 .text.memset   0x0000000008003a60       0x10 c:/st/stm32cubeide_1.6.0/stm32cubeide/plugins/com.st.stm32cube.ide.mcu.externaltools.gnu-tools-for-stm32.9-2020-q2-update.win32_1.5.0.202011040924/tools/bin/../lib/gcc/arm-none-eabi/9.3.1/../../../../arm-none-eabi/lib/thumb/v7e-m+fp/hard\libc_nano.a(lib_a-memset.o)
                0x0000000008003a60                memset
 *(.glue_7)
 .glue_7        0x0000000008003a70        0x0 linker stubs
 *(.glue_7t)
 .glue_7t       0x0000000008003a70        0x0 linker stubs
 *(.eh_frame)
 .eh_frame      0x0000000008003a70        0x0 c:/st/stm32cubeide_1.6.0/stm32cubeide/plugins/com.st.stm32cube.ide.mcu.externaltools.gnu-tools-for-stm32.9-2020-q2-update.win32_1.5.0.202011040924/tools/bin/../lib/gcc/arm-none-eabi/9.3.1/thumb/v7e-m+fp/hard/crtbegin.o
 *(.init)
 .init          0x0000000008003a70        0x4 c:/st/stm32cubeide_1.6.0/stm32cubeide/plugins/com.st.stm32cube.ide.mcu.externaltools.gnu-tools-for-stm32.9-2020-q2-update.win32_1.5.0.202011040924/tools/bin/../lib/gcc/arm-none-eabi/9.3.1/thumb/v7e-m+fp/hard/crti.o
                0x0000000008003a70                _init
 .init          0x0000000008003a74        0x8 c:/st/stm32cubeide_1.6.0/stm32cubeide/plugins/com.st.stm32cube.ide.mcu.externaltools.gnu-tools-for-stm32.9-2020-q2-update.win32_1.5.0.202011040924/tools/bin/../lib/gcc/arm-none-eabi/9.3.1/thumb/v7e-m+fp/hard/crtn.o
 *(.fini)
 .fini          0x0000000008003a7c        0x4 c:/st/stm32cubeide_1.6.0/stm32cubeide/plugins/com.st.stm32cube.ide.mcu.externaltools.gnu-tools-for-stm32.9-2020-q2-update.win32_1.5.0.202011040924/tools/bin/../lib/gcc/arm-none-eabi/9.3.1/thumb/v7e-m+fp/hard/crti.o
                0x0000000008003a7c                _fini
 .fini          0x0000000008003a80        0x8 c:/st/stm32cubeide_1.6.0/stm32cubeide/plugins/com.st.stm32cube.ide.mcu.externaltools.gnu-tools-for-stm32.9-2020-q2-update.win32_1.5.0.202011040924/tools/bin/../lib/gcc/arm-none-eabi/9.3.1/thumb/v7e-m+fp/hard/crtn.o
                0x0000000008003a88                . = ALIGN (0x4)
                0x0000000008003a88                _etext = .

.vfp11_veneer   0x0000000008003a88        0x0
 .vfp11_veneer  0x0000000008003a88        0x0 linker stubs

.v4_bx          0x0000000008003a88        0x0
 .v4_bx         0x0000000008003a88        0x0 linker stubs

.iplt           0x0000000008003a88        0x0
 .iplt          0x0000000008003a88        0x0 c:/st/stm32cubeide_1.6.0/stm32cubeide/plugins/com.st.stm32cube.ide.mcu.externaltools.gnu-tools-for-stm32.9-2020-q2-update.win32_1.5.0.202011040924/tools/bin/../lib/gcc/arm-none-eabi/9.3.1/thumb/v7e-m+fp/hard/crtbegin.o

.rodata         0x0000000008003a88      0x630
                0x0000000008003a88                . = ALIGN (0x4)
 *(.rodata)
 .rodata        0x0000000008003a88       0x2e Core/Src/main.o
 *(.rodata*)
 *fill*         0x0000000008003ab6        0x2 
 .rodata.TelaLimpa
                0x0000000008003ab8      0x1f8 Core/Src/LCD.o
                0x0000000008003ab8                TelaLimpa
 .rodata.liber_bmp2
                0x0000000008003cb0      0x1f8 Core/Src/main.o
                0x0000000008003cb0                liber_bmp2
 .rodata.panda  0x0000000008003ea8      0x1f8 Core/Src/main.o
                0x0000000008003ea8                panda
 .rodata.AHBPrescTable
                0x00000000080040a0       0x10 Core/Src/system_stm32f4xx.o
                0x00000000080040a0                AHBPrescTable
 .rodata.flagBitshiftOffset.8334
                0x00000000080040b0        0x8 Drivers/STM32F4xx_HAL_Driver/Src/stm32f4xx_hal_dma.o
                0x00000000080040b8                . = ALIGN (0x4)

.ARM.extab      0x00000000080040b8        0x0
                0x00000000080040b8                . = ALIGN (0x4)
 *(.ARM.extab* .gnu.linkonce.armextab.*)
                0x00000000080040b8                . = ALIGN (0x4)

.ARM            0x00000000080040b8        0x8
                0x00000000080040b8                . = ALIGN (0x4)
                0x00000000080040b8                __exidx_start = .
 *(.ARM.exidx*)
 .ARM.exidx     0x00000000080040b8        0x8 c:/st/stm32cubeide_1.6.0/stm32cubeide/plugins/com.st.stm32cube.ide.mcu.externaltools.gnu-tools-for-stm32.9-2020-q2-update.win32_1.5.0.202011040924/tools/bin/../lib/gcc/arm-none-eabi/9.3.1/thumb/v7e-m+fp/hard\libgcc.a(_udivmoddi4.o)
                0x00000000080040c0                __exidx_end = .
                0x00000000080040c0                . = ALIGN (0x4)

.rel.dyn        0x00000000080040c0        0x0
 .rel.iplt      0x00000000080040c0        0x0 c:/st/stm32cubeide_1.6.0/stm32cubeide/plugins/com.st.stm32cube.ide.mcu.externaltools.gnu-tools-for-stm32.9-2020-q2-update.win32_1.5.0.202011040924/tools/bin/../lib/gcc/arm-none-eabi/9.3.1/thumb/v7e-m+fp/hard/crtbegin.o

.preinit_array  0x00000000080040c0        0x0
                0x00000000080040c0                . = ALIGN (0x4)
                0x00000000080040c0                PROVIDE (__preinit_array_start = .)
 *(.preinit_array*)
                0x00000000080040c0                PROVIDE (__preinit_array_end = .)
                0x00000000080040c0                . = ALIGN (0x4)

.init_array     0x00000000080040c0        0x4
                0x00000000080040c0                . = ALIGN (0x4)
                0x00000000080040c0                PROVIDE (__init_array_start = .)
 *(SORT_BY_NAME(.init_array.*))
 *(.init_array*)
 .init_array    0x00000000080040c0        0x4 c:/st/stm32cubeide_1.6.0/stm32cubeide/plugins/com.st.stm32cube.ide.mcu.externaltools.gnu-tools-for-stm32.9-2020-q2-update.win32_1.5.0.202011040924/tools/bin/../lib/gcc/arm-none-eabi/9.3.1/thumb/v7e-m+fp/hard/crtbegin.o
                0x00000000080040c4                PROVIDE (__init_array_end = .)
                0x00000000080040c4                . = ALIGN (0x4)

.fini_array     0x00000000080040c4        0x4
                0x00000000080040c4                . = ALIGN (0x4)
                [!provide]                        PROVIDE (__fini_array_start = .)
 *(SORT_BY_NAME(.fini_array.*))
 *(.fini_array*)
 .fini_array    0x00000000080040c4        0x4 c:/st/stm32cubeide_1.6.0/stm32cubeide/plugins/com.st.stm32cube.ide.mcu.externaltools.gnu-tools-for-stm32.9-2020-q2-update.win32_1.5.0.202011040924/tools/bin/../lib/gcc/arm-none-eabi/9.3.1/thumb/v7e-m+fp/hard/crtbegin.o
                [!provide]                        PROVIDE (__fini_array_end = .)
                0x00000000080040c8                . = ALIGN (0x4)
                0x00000000080040c8                _sidata = LOADADDR (.data)

.data           0x0000000020000000      0x234 load address 0x00000000080040c8
                0x0000000020000000                . = ALIGN (0x4)
                0x0000000020000000                _sdata = .
 *(.data)
 *(.data*)
 .data.font6_8  0x0000000020000000      0x228 Core/Src/LCD.o
                0x0000000020000000                font6_8
 .data.SystemCoreClock
                0x0000000020000228        0x4 Core/Src/system_stm32f4xx.o
                0x0000000020000228                SystemCoreClock
 .data.uwTickPrio
                0x000000002000022c        0x4 Drivers/STM32F4xx_HAL_Driver/Src/stm32f4xx_hal.o
                0x000000002000022c                uwTickPrio
 .data.uwTickFreq
                0x0000000020000230        0x1 Drivers/STM32F4xx_HAL_Driver/Src/stm32f4xx_hal.o
                0x0000000020000230                uwTickFreq
 *(.RamFunc)
 *(.RamFunc*)
                0x0000000020000234                . = ALIGN (0x4)
 *fill*         0x0000000020000231        0x3 
                0x0000000020000234                _edata = .

.igot.plt       0x0000000020000234        0x0 load address 0x00000000080042fc
 .igot.plt      0x0000000020000234        0x0 c:/st/stm32cubeide_1.6.0/stm32cubeide/plugins/com.st.stm32cube.ide.mcu.externaltools.gnu-tools-for-stm32.9-2020-q2-update.win32_1.5.0.202011040924/tools/bin/../lib/gcc/arm-none-eabi/9.3.1/thumb/v7e-m+fp/hard/crtbegin.o
                0x0000000020000234                . = ALIGN (0x4)

.bss            0x0000000020000234      0x350 load address 0x00000000080042fc
                0x0000000020000234                _sbss = .
                0x0000000020000234                __bss_start__ = _sbss
 *(.bss)
 .bss           0x0000000020000234       0x1c c:/st/stm32cubeide_1.6.0/stm32cubeide/plugins/com.st.stm32cube.ide.mcu.externaltools.gnu-tools-for-stm32.9-2020-q2-update.win32_1.5.0.202011040924/tools/bin/../lib/gcc/arm-none-eabi/9.3.1/thumb/v7e-m+fp/hard/crtbegin.o
 *(.bss*)
 .bss.lcd       0x0000000020000250        0x4 Core/Src/LCD.o
 .bss.buf       0x0000000020000254      0x1fc Core/Src/LCD.o
 .bss.LCD_write
                0x0000000020000450        0x4 Core/Src/LCD.o
 *(COMMON)
 COMMON         0x0000000020000454       0x2a Core/Src/main.o
                0x0000000020000454                tela
                0x0000000020000458                hlcd
                0x0000000020000478                me_display
                0x000000002000047a                a
                0x000000002000047c                delayTela
 *fill*         0x000000002000047e        0x2 
 COMMON         0x0000000020000480       0xb8 Core/Src/spi.o
                0x0000000020000480                hspi2
                0x00000000200004d8                hdma_spi2_tx
 COMMON         0x0000000020000538       0x48 Core/Src/tim.o
                0x0000000020000538                htim11
 COMMON         0x0000000020000580        0x4 Drivers/STM32F4xx_HAL_Driver/Src/stm32f4xx_hal.o
                0x0000000020000580                uwTick
                0x0000000020000584                . = ALIGN (0x4)
                0x0000000020000584                _ebss = .
                0x0000000020000584                __bss_end__ = _ebss

._user_heap_stack
                0x0000000020000584      0x604 load address 0x00000000080042fc
                0x0000000020000588                . = ALIGN (0x8)
 *fill*         0x0000000020000584        0x4 
                [!provide]                        PROVIDE (end = .)
                0x0000000020000588                PROVIDE (_end = .)
                0x0000000020000788                . = (. + _Min_Heap_Size)
 *fill*         0x0000000020000588      0x200 
                0x0000000020000b88                . = (. + _Min_Stack_Size)
 *fill*         0x0000000020000788      0x400 
                0x0000000020000b88                . = ALIGN (0x8)

/DISCARD/
 libc.a(*)
 libm.a(*)
 libgcc.a(*)

.ARM.attributes
                0x0000000000000000       0x30
 *(.ARM.attributes)
 .ARM.attributes
                0x0000000000000000       0x1e c:/st/stm32cubeide_1.6.0/stm32cubeide/plugins/com.st.stm32cube.ide.mcu.externaltools.gnu-tools-for-stm32.9-2020-q2-update.win32_1.5.0.202011040924/tools/bin/../lib/gcc/arm-none-eabi/9.3.1/thumb/v7e-m+fp/hard/crti.o
 .ARM.attributes
                0x000000000000001e       0x34 c:/st/stm32cubeide_1.6.0/stm32cubeide/plugins/com.st.stm32cube.ide.mcu.externaltools.gnu-tools-for-stm32.9-2020-q2-update.win32_1.5.0.202011040924/tools/bin/../lib/gcc/arm-none-eabi/9.3.1/thumb/v7e-m+fp/hard/crtbegin.o
 .ARM.attributes
                0x0000000000000052       0x34 Core/Src/LCD.o
 .ARM.attributes
                0x0000000000000086       0x34 Core/Src/dma.o
 .ARM.attributes
                0x00000000000000ba       0x34 Core/Src/gpio.o
 .ARM.attributes
                0x00000000000000ee       0x34 Core/Src/main.o
 .ARM.attributes
                0x0000000000000122       0x34 Core/Src/spi.o
 .ARM.attributes
                0x0000000000000156       0x34 Core/Src/stm32f4xx_hal_msp.o
 .ARM.attributes
                0x000000000000018a       0x34 Core/Src/stm32f4xx_it.o
 .ARM.attributes
                0x00000000000001be       0x34 Core/Src/system_stm32f4xx.o
 .ARM.attributes
                0x00000000000001f2       0x34 Core/Src/tim.o
 .ARM.attributes
                0x0000000000000226       0x21 Core/Startup/startup_stm32f446retx.o
 .ARM.attributes
                0x0000000000000247       0x34 Drivers/STM32F4xx_HAL_Driver/Src/stm32f4xx_hal.o
 .ARM.attributes
                0x000000000000027b       0x34 Drivers/STM32F4xx_HAL_Driver/Src/stm32f4xx_hal_cortex.o
 .ARM.attributes
                0x00000000000002af       0x34 Drivers/STM32F4xx_HAL_Driver/Src/stm32f4xx_hal_dma.o
 .ARM.attributes
                0x00000000000002e3       0x34 Drivers/STM32F4xx_HAL_Driver/Src/stm32f4xx_hal_gpio.o
 .ARM.attributes
                0x0000000000000317       0x34 Drivers/STM32F4xx_HAL_Driver/Src/stm32f4xx_hal_rcc.o
 .ARM.attributes
                0x000000000000034b       0x34 Drivers/STM32F4xx_HAL_Driver/Src/stm32f4xx_hal_rcc_ex.o
 .ARM.attributes
                0x000000000000037f       0x34 Drivers/STM32F4xx_HAL_Driver/Src/stm32f4xx_hal_spi.o
 .ARM.attributes
                0x00000000000003b3       0x34 Drivers/STM32F4xx_HAL_Driver/Src/stm32f4xx_hal_tim.o
 .ARM.attributes
                0x00000000000003e7       0x34 Drivers/STM32F4xx_HAL_Driver/Src/stm32f4xx_hal_tim_ex.o
 .ARM.attributes
                0x000000000000041b       0x34 c:/st/stm32cubeide_1.6.0/stm32cubeide/plugins/com.st.stm32cube.ide.mcu.externaltools.gnu-tools-for-stm32.9-2020-q2-update.win32_1.5.0.202011040924/tools/bin/../lib/gcc/arm-none-eabi/9.3.1/../../../../arm-none-eabi/lib/thumb/v7e-m+fp/hard\libc_nano.a(lib_a-init.o)
 .ARM.attributes
                0x000000000000044f       0x34 c:/st/stm32cubeide_1.6.0/stm32cubeide/plugins/com.st.stm32cube.ide.mcu.externaltools.gnu-tools-for-stm32.9-2020-q2-update.win32_1.5.0.202011040924/tools/bin/../lib/gcc/arm-none-eabi/9.3.1/../../../../arm-none-eabi/lib/thumb/v7e-m+fp/hard\libc_nano.a(lib_a-memset.o)
 .ARM.attributes
                0x0000000000000483       0x1e c:/st/stm32cubeide_1.6.0/stm32cubeide/plugins/com.st.stm32cube.ide.mcu.externaltools.gnu-tools-for-stm32.9-2020-q2-update.win32_1.5.0.202011040924/tools/bin/../lib/gcc/arm-none-eabi/9.3.1/thumb/v7e-m+fp/hard\libgcc.a(_aeabi_uldivmod.o)
 .ARM.attributes
                0x00000000000004a1       0x34 c:/st/stm32cubeide_1.6.0/stm32cubeide/plugins/com.st.stm32cube.ide.mcu.externaltools.gnu-tools-for-stm32.9-2020-q2-update.win32_1.5.0.202011040924/tools/bin/../lib/gcc/arm-none-eabi/9.3.1/thumb/v7e-m+fp/hard\libgcc.a(_udivmoddi4.o)
 .ARM.attributes
                0x00000000000004d5       0x1e c:/st/stm32cubeide_1.6.0/stm32cubeide/plugins/com.st.stm32cube.ide.mcu.externaltools.gnu-tools-for-stm32.9-2020-q2-update.win32_1.5.0.202011040924/tools/bin/../lib/gcc/arm-none-eabi/9.3.1/thumb/v7e-m+fp/hard\libgcc.a(_dvmd_tls.o)
 .ARM.attributes
                0x00000000000004f3       0x1e c:/st/stm32cubeide_1.6.0/stm32cubeide/plugins/com.st.stm32cube.ide.mcu.externaltools.gnu-tools-for-stm32.9-2020-q2-update.win32_1.5.0.202011040924/tools/bin/../lib/gcc/arm-none-eabi/9.3.1/thumb/v7e-m+fp/hard/crtn.o
OUTPUT(Display_Nokia.elf elf32-littlearm)
LOAD linker stubs
LOAD c:/st/stm32cubeide_1.6.0/stm32cubeide/plugins/com.st.stm32cube.ide.mcu.externaltools.gnu-tools-for-stm32.9-2020-q2-update.win32_1.5.0.202011040924/tools/bin/../lib/gcc/arm-none-eabi/9.3.1/../../../../arm-none-eabi/lib/thumb/v7e-m+fp/hard\libc.a
LOAD c:/st/stm32cubeide_1.6.0/stm32cubeide/plugins/com.st.stm32cube.ide.mcu.externaltools.gnu-tools-for-stm32.9-2020-q2-update.win32_1.5.0.202011040924/tools/bin/../lib/gcc/arm-none-eabi/9.3.1/../../../../arm-none-eabi/lib/thumb/v7e-m+fp/hard\libm.a
LOAD c:/st/stm32cubeide_1.6.0/stm32cubeide/plugins/com.st.stm32cube.ide.mcu.externaltools.gnu-tools-for-stm32.9-2020-q2-update.win32_1.5.0.202011040924/tools/bin/../lib/gcc/arm-none-eabi/9.3.1/thumb/v7e-m+fp/hard\libgcc.a

.debug_info     0x0000000000000000     0xf83e
 .debug_info    0x0000000000000000      0xcf9 Core/Src/LCD.o
 .debug_info    0x0000000000000cf9      0x5f2 Core/Src/dma.o
 .debug_info    0x00000000000012eb      0x4f3 Core/Src/gpio.o
 .debug_info    0x00000000000017de     0x1922 Core/Src/main.o
 .debug_info    0x0000000000003100      0xce7 Core/Src/spi.o
 .debug_info    0x0000000000003de7      0x3cc Core/Src/stm32f4xx_hal_msp.o
 .debug_info    0x00000000000041b3      0xae3 Core/Src/stm32f4xx_it.o
 .debug_info    0x0000000000004c96      0x5dc Core/Src/system_stm32f4xx.o
 .debug_info    0x0000000000005272      0xc45 Core/Src/tim.o
 .debug_info    0x0000000000005eb7       0x22 Core/Startup/startup_stm32f446retx.o
 .debug_info    0x0000000000005ed9      0xa08 Drivers/STM32F4xx_HAL_Driver/Src/stm32f4xx_hal.o
 .debug_info    0x00000000000068e1      0xef5 Drivers/STM32F4xx_HAL_Driver/Src/stm32f4xx_hal_cortex.o
 .debug_info    0x00000000000077d6      0x9f1 Drivers/STM32F4xx_HAL_Driver/Src/stm32f4xx_hal_dma.o
 .debug_info    0x00000000000081c7      0x892 Drivers/STM32F4xx_HAL_Driver/Src/stm32f4xx_hal_gpio.o
 .debug_info    0x0000000000008a59      0x9db Drivers/STM32F4xx_HAL_Driver/Src/stm32f4xx_hal_rcc.o
 .debug_info    0x0000000000009434      0xa86 Drivers/STM32F4xx_HAL_Driver/Src/stm32f4xx_hal_rcc_ex.o
 .debug_info    0x0000000000009eba     0x17c0 Drivers/STM32F4xx_HAL_Driver/Src/stm32f4xx_hal_spi.o
 .debug_info    0x000000000000b67a     0x2c22 Drivers/STM32F4xx_HAL_Driver/Src/stm32f4xx_hal_tim.o
 .debug_info    0x000000000000e29c     0x15a2 Drivers/STM32F4xx_HAL_Driver/Src/stm32f4xx_hal_tim_ex.o

.debug_abbrev   0x0000000000000000     0x240d
 .debug_abbrev  0x0000000000000000      0x28c Core/Src/LCD.o
 .debug_abbrev  0x000000000000028c      0x11b Core/Src/dma.o
 .debug_abbrev  0x00000000000003a7      0x143 Core/Src/gpio.o
 .debug_abbrev  0x00000000000004ea      0x29a Core/Src/main.o
 .debug_abbrev  0x0000000000000784      0x1d7 Core/Src/spi.o
 .debug_abbrev  0x000000000000095b      0x11d Core/Src/stm32f4xx_hal_msp.o
 .debug_abbrev  0x0000000000000a78      0x187 Core/Src/stm32f4xx_it.o
 .debug_abbrev  0x0000000000000bff      0x145 Core/Src/system_stm32f4xx.o
 .debug_abbrev  0x0000000000000d44      0x1bb Core/Src/tim.o
 .debug_abbrev  0x0000000000000eff       0x12 Core/Startup/startup_stm32f446retx.o
 .debug_abbrev  0x0000000000000f11      0x1ed Drivers/STM32F4xx_HAL_Driver/Src/stm32f4xx_hal.o
 .debug_abbrev  0x00000000000010fe      0x33c Drivers/STM32F4xx_HAL_Driver/Src/stm32f4xx_hal_cortex.o
 .debug_abbrev  0x000000000000143a      0x259 Drivers/STM32F4xx_HAL_Driver/Src/stm32f4xx_hal_dma.o
 .debug_abbrev  0x0000000000001693      0x1f1 Drivers/STM32F4xx_HAL_Driver/Src/stm32f4xx_hal_gpio.o
 .debug_abbrev  0x0000000000001884      0x275 Drivers/STM32F4xx_HAL_Driver/Src/stm32f4xx_hal_rcc.o
 .debug_abbrev  0x0000000000001af9      0x1e2 Drivers/STM32F4xx_HAL_Driver/Src/stm32f4xx_hal_rcc_ex.o
 .debug_abbrev  0x0000000000001cdb      0x26e Drivers/STM32F4xx_HAL_Driver/Src/stm32f4xx_hal_spi.o
 .debug_abbrev  0x0000000000001f49      0x25e Drivers/STM32F4xx_HAL_Driver/Src/stm32f4xx_hal_tim.o
 .debug_abbrev  0x00000000000021a7      0x266 Drivers/STM32F4xx_HAL_Driver/Src/stm32f4xx_hal_tim_ex.o

.debug_aranges  0x0000000000000000      0xd28
 .debug_aranges
                0x0000000000000000       0x70 Core/Src/LCD.o
 .debug_aranges
                0x0000000000000070       0x20 Core/Src/dma.o
 .debug_aranges
                0x0000000000000090       0x20 Core/Src/gpio.o
 .debug_aranges
                0x00000000000000b0       0x38 Core/Src/main.o
 .debug_aranges
                0x00000000000000e8       0x30 Core/Src/spi.o
 .debug_aranges
                0x0000000000000118       0x20 Core/Src/stm32f4xx_hal_msp.o
 .debug_aranges
                0x0000000000000138       0x78 Core/Src/stm32f4xx_it.o
 .debug_aranges
                0x00000000000001b0       0x28 Core/Src/system_stm32f4xx.o
 .debug_aranges
                0x00000000000001d8       0x30 Core/Src/tim.o
 .debug_aranges
                0x0000000000000208       0x28 Core/Startup/startup_stm32f446retx.o
 .debug_aranges
                0x0000000000000230       0xf0 Drivers/STM32F4xx_HAL_Driver/Src/stm32f4xx_hal.o
 .debug_aranges
                0x0000000000000320      0x118 Drivers/STM32F4xx_HAL_Driver/Src/stm32f4xx_hal_cortex.o
 .debug_aranges
                0x0000000000000438       0x90 Drivers/STM32F4xx_HAL_Driver/Src/stm32f4xx_hal_dma.o
 .debug_aranges
                0x00000000000004c8       0x58 Drivers/STM32F4xx_HAL_Driver/Src/stm32f4xx_hal_gpio.o
 .debug_aranges
                0x0000000000000520       0x88 Drivers/STM32F4xx_HAL_Driver/Src/stm32f4xx_hal_rcc.o
 .debug_aranges
                0x00000000000005a8       0x78 Drivers/STM32F4xx_HAL_Driver/Src/stm32f4xx_hal_rcc_ex.o
 .debug_aranges
                0x0000000000000620      0x1d0 Drivers/STM32F4xx_HAL_Driver/Src/stm32f4xx_hal_spi.o
 .debug_aranges
                0x00000000000007f0      0x3d0 Drivers/STM32F4xx_HAL_Driver/Src/stm32f4xx_hal_tim.o
 .debug_aranges
                0x0000000000000bc0      0x168 Drivers/STM32F4xx_HAL_Driver/Src/stm32f4xx_hal_tim_ex.o

.debug_ranges   0x0000000000000000      0xc00
 .debug_ranges  0x0000000000000000       0x60 Core/Src/LCD.o
 .debug_ranges  0x0000000000000060       0x10 Core/Src/dma.o
 .debug_ranges  0x0000000000000070       0x10 Core/Src/gpio.o
 .debug_ranges  0x0000000000000080       0x28 Core/Src/main.o
 .debug_ranges  0x00000000000000a8       0x20 Core/Src/spi.o
 .debug_ranges  0x00000000000000c8       0x10 Core/Src/stm32f4xx_hal_msp.o
 .debug_ranges  0x00000000000000d8       0x68 Core/Src/stm32f4xx_it.o
 .debug_ranges  0x0000000000000140       0x18 Core/Src/system_stm32f4xx.o
 .debug_ranges  0x0000000000000158       0x20 Core/Src/tim.o
 .debug_ranges  0x0000000000000178       0x20 Core/Startup/startup_stm32f446retx.o
 .debug_ranges  0x0000000000000198       0xe0 Drivers/STM32F4xx_HAL_Driver/Src/stm32f4xx_hal.o
 .debug_ranges  0x0000000000000278      0x108 Drivers/STM32F4xx_HAL_Driver/Src/stm32f4xx_hal_cortex.o
 .debug_ranges  0x0000000000000380       0x80 Drivers/STM32F4xx_HAL_Driver/Src/stm32f4xx_hal_dma.o
 .debug_ranges  0x0000000000000400       0x48 Drivers/STM32F4xx_HAL_Driver/Src/stm32f4xx_hal_gpio.o
 .debug_ranges  0x0000000000000448       0x78 Drivers/STM32F4xx_HAL_Driver/Src/stm32f4xx_hal_rcc.o
 .debug_ranges  0x00000000000004c0       0x68 Drivers/STM32F4xx_HAL_Driver/Src/stm32f4xx_hal_rcc_ex.o
 .debug_ranges  0x0000000000000528      0x1c0 Drivers/STM32F4xx_HAL_Driver/Src/stm32f4xx_hal_spi.o
 .debug_ranges  0x00000000000006e8      0x3c0 Drivers/STM32F4xx_HAL_Driver/Src/stm32f4xx_hal_tim.o
 .debug_ranges  0x0000000000000aa8      0x158 Drivers/STM32F4xx_HAL_Driver/Src/stm32f4xx_hal_tim_ex.o

.debug_macro    0x0000000000000000    0x225e8
 .debug_macro   0x0000000000000000      0x1ec Core/Src/LCD.o
 .debug_macro   0x00000000000001ec      0xaa8 Core/Src/LCD.o
 .debug_macro   0x0000000000000c94       0x2e Core/Src/LCD.o
 .debug_macro   0x0000000000000cc2       0x28 Core/Src/LCD.o
 .debug_macro   0x0000000000000cea       0x22 Core/Src/LCD.o
 .debug_macro   0x0000000000000d0c       0x8e Core/Src/LCD.o
 .debug_macro   0x0000000000000d9a       0x51 Core/Src/LCD.o
 .debug_macro   0x0000000000000deb      0x103 Core/Src/LCD.o
 .debug_macro   0x0000000000000eee       0x6a Core/Src/LCD.o
 .debug_macro   0x0000000000000f58      0x1df Core/Src/LCD.o
 .debug_macro   0x0000000000001137       0x1c Core/Src/LCD.o
 .debug_macro   0x0000000000001153       0x22 Core/Src/LCD.o
 .debug_macro   0x0000000000001175       0xdf Core/Src/LCD.o
 .debug_macro   0x0000000000001254     0x102d Core/Src/LCD.o
 .debug_macro   0x0000000000002281      0x11f Core/Src/LCD.o
 .debug_macro   0x00000000000023a0    0x16749 Core/Src/LCD.o
 .debug_macro   0x0000000000018ae9       0x6d Core/Src/LCD.o
 .debug_macro   0x0000000000018b56      0x29b Core/Src/LCD.o
 .debug_macro   0x0000000000018df1     0x3666 Core/Src/LCD.o
 .debug_macro   0x000000000001c457      0x174 Core/Src/LCD.o
 .debug_macro   0x000000000001c5cb       0x5c Core/Src/LCD.o
 .debug_macro   0x000000000001c627      0xc90 Core/Src/LCD.o
 .debug_macro   0x000000000001d2b7      0x9fe Core/Src/LCD.o
 .debug_macro   0x000000000001dcb5      0x116 Core/Src/LCD.o
 .debug_macro   0x000000000001ddcb      0x1a0 Core/Src/LCD.o
 .debug_macro   0x000000000001df6b       0xa5 Core/Src/LCD.o
 .debug_macro   0x000000000001e010      0x16d Core/Src/LCD.o
 .debug_macro   0x000000000001e17d      0x287 Core/Src/LCD.o
 .debug_macro   0x000000000001e404       0x5f Core/Src/LCD.o
 .debug_macro   0x000000000001e463      0x236 Core/Src/LCD.o
 .debug_macro   0x000000000001e699      0x132 Core/Src/LCD.o
 .debug_macro   0x000000000001e7cb      0x29c Core/Src/LCD.o
 .debug_macro   0x000000000001ea67       0x2e Core/Src/LCD.o
 .debug_macro   0x000000000001ea95      0x11a Core/Src/LCD.o
 .debug_macro   0x000000000001ebaf       0xe8 Core/Src/LCD.o
 .debug_macro   0x000000000001ec97       0x89 Core/Src/LCD.o
 .debug_macro   0x000000000001ed20      0x225 Core/Src/LCD.o
 .debug_macro   0x000000000001ef45      0x8d1 Core/Src/LCD.o
 .debug_macro   0x000000000001f816       0x4d Core/Src/LCD.o
 .debug_macro   0x000000000001f863      0x126 Core/Src/LCD.o
 .debug_macro   0x000000000001f989      0x1e7 Core/Src/dma.o
 .debug_macro   0x000000000001fb70       0x40 Core/Src/dma.o
 .debug_macro   0x000000000001fbb0      0x1e7 Core/Src/gpio.o
 .debug_macro   0x000000000001fd97      0x386 Core/Src/main.o
 .debug_macro   0x000000000002011d       0x52 Core/Src/main.o
 .debug_macro   0x000000000002016f       0x18 Core/Src/main.o
 .debug_macro   0x0000000000020187       0x3c Core/Src/main.o
 .debug_macro   0x00000000000201c3       0x34 Core/Src/main.o
 .debug_macro   0x00000000000201f7       0x16 Core/Src/main.o
 .debug_macro   0x000000000002020d       0x35 Core/Src/main.o
 .debug_macro   0x0000000000020242      0x333 Core/Src/main.o
 .debug_macro   0x0000000000020575       0x10 Core/Src/main.o
 .debug_macro   0x0000000000020585       0x16 Core/Src/main.o
 .debug_macro   0x000000000002059b       0x43 Core/Src/main.o
 .debug_macro   0x00000000000205de       0x34 Core/Src/main.o
 .debug_macro   0x0000000000020612       0x10 Core/Src/main.o
 .debug_macro   0x0000000000020622       0x58 Core/Src/main.o
 .debug_macro   0x000000000002067a       0x71 Core/Src/main.o
 .debug_macro   0x00000000000206eb       0x1c Core/Src/main.o
 .debug_macro   0x0000000000020707      0x12a Core/Src/main.o
 .debug_macro   0x0000000000020831       0x10 Core/Src/main.o
 .debug_macro   0x0000000000020841       0x1c Core/Src/main.o
 .debug_macro   0x000000000002085d       0x52 Core/Src/main.o
 .debug_macro   0x00000000000208af       0x22 Core/Src/main.o
 .debug_macro   0x00000000000208d1       0x10 Core/Src/main.o
 .debug_macro   0x00000000000208e1       0x40 Core/Src/main.o
 .debug_macro   0x0000000000020921       0xd5 Core/Src/main.o
 .debug_macro   0x00000000000209f6       0x1c Core/Src/main.o
 .debug_macro   0x0000000000020a12       0x3d Core/Src/main.o
 .debug_macro   0x0000000000020a4f       0x16 Core/Src/main.o
 .debug_macro   0x0000000000020a65      0x145 Core/Src/main.o
 .debug_macro   0x0000000000020baa      0x1e7 Core/Src/spi.o
 .debug_macro   0x0000000000020d91      0x1dd Core/Src/stm32f4xx_hal_msp.o
 .debug_macro   0x0000000000020f6e      0x1e7 Core/Src/stm32f4xx_it.o
 .debug_macro   0x0000000000021155      0x1ce Core/Src/system_stm32f4xx.o
 .debug_macro   0x0000000000021323      0x1e7 Core/Src/tim.o
 .debug_macro   0x000000000002150a      0x22e Drivers/STM32F4xx_HAL_Driver/Src/stm32f4xx_hal.o
 .debug_macro   0x0000000000021738      0x1ce Drivers/STM32F4xx_HAL_Driver/Src/stm32f4xx_hal_cortex.o
 .debug_macro   0x0000000000021906      0x1d4 Drivers/STM32F4xx_HAL_Driver/Src/stm32f4xx_hal_dma.o
 .debug_macro   0x0000000000021ada      0x1d4 Drivers/STM32F4xx_HAL_Driver/Src/stm32f4xx_hal_gpio.o
 .debug_macro   0x0000000000021cae      0x1f2 Drivers/STM32F4xx_HAL_Driver/Src/stm32f4xx_hal_rcc.o
 .debug_macro   0x0000000000021ea0      0x1ce Drivers/STM32F4xx_HAL_Driver/Src/stm32f4xx_hal_rcc_ex.o
 .debug_macro   0x000000000002206e      0x1dd Drivers/STM32F4xx_HAL_Driver/Src/stm32f4xx_hal_spi.o
 .debug_macro   0x000000000002224b      0x1cf Drivers/STM32F4xx_HAL_Driver/Src/stm32f4xx_hal_tim.o
 .debug_macro   0x000000000002241a      0x1ce Drivers/STM32F4xx_HAL_Driver/Src/stm32f4xx_hal_tim_ex.o

.debug_line     0x0000000000000000    0x103c1
 .debug_line    0x0000000000000000      0x96b Core/Src/LCD.o
 .debug_line    0x000000000000096b      0x6c1 Core/Src/dma.o
 .debug_line    0x000000000000102c      0x6d2 Core/Src/gpio.o
 .debug_line    0x00000000000016fe      0xa56 Core/Src/main.o
 .debug_line    0x0000000000002154      0x761 Core/Src/spi.o
 .debug_line    0x00000000000028b5      0x6c6 Core/Src/stm32f4xx_hal_msp.o
 .debug_line    0x0000000000002f7b      0x7d0 Core/Src/stm32f4xx_it.o
 .debug_line    0x000000000000374b      0x747 Core/Src/system_stm32f4xx.o
 .debug_line    0x0000000000003e92      0x713 Core/Src/tim.o
 .debug_line    0x00000000000045a5       0x88 Core/Startup/startup_stm32f446retx.o
 .debug_line    0x000000000000462d      0x9ad Drivers/STM32F4xx_HAL_Driver/Src/stm32f4xx_hal.o
 .debug_line    0x0000000000004fda      0xc5c Drivers/STM32F4xx_HAL_Driver/Src/stm32f4xx_hal_cortex.o
 .debug_line    0x0000000000005c36      0xf12 Drivers/STM32F4xx_HAL_Driver/Src/stm32f4xx_hal_dma.o
 .debug_line    0x0000000000006b48      0xb0f Drivers/STM32F4xx_HAL_Driver/Src/stm32f4xx_hal_gpio.o
 .debug_line    0x0000000000007657      0xd33 Drivers/STM32F4xx_HAL_Driver/Src/stm32f4xx_hal_rcc.o
 .debug_line    0x000000000000838a     0x13b7 Drivers/STM32F4xx_HAL_Driver/Src/stm32f4xx_hal_rcc_ex.o
 .debug_line    0x0000000000009741     0x1c35 Drivers/STM32F4xx_HAL_Driver/Src/stm32f4xx_hal_spi.o
 .debug_line    0x000000000000b376     0x36a1 Drivers/STM32F4xx_HAL_Driver/Src/stm32f4xx_hal_tim.o
 .debug_line    0x000000000000ea17     0x19aa Drivers/STM32F4xx_HAL_Driver/Src/stm32f4xx_hal_tim_ex.o

.debug_str      0x0000000000000000    0xd0562
 .debug_str     0x0000000000000000    0xc8a8a Core/Src/LCD.o
                                      0xc8d97 (size before relaxing)
 .debug_str     0x00000000000c8a8a      0x736 Core/Src/dma.o
                                      0xc8e69 (size before relaxing)
 .debug_str     0x00000000000c91c0       0x7e Core/Src/gpio.o
                                      0xc89da (size before relaxing)
 .debug_str     0x00000000000c923e     0x44b7 Core/Src/main.o
                                      0xcd3cc (size before relaxing)
 .debug_str     0x00000000000cd6f5       0x58 Core/Src/spi.o
                                      0xc9373 (size before relaxing)
 .debug_str     0x00000000000cd74d       0x2c Core/Src/stm32f4xx_hal_msp.o
                                      0xc893d (size before relaxing)
 .debug_str     0x00000000000cd779      0x103 Core/Src/stm32f4xx_it.o
                                      0xc9017 (size before relaxing)
 .debug_str     0x00000000000cd87c       0xaf Core/Src/system_stm32f4xx.o
                                      0xc88d1 (size before relaxing)
 .debug_str     0x00000000000cd92b       0x5b Core/Src/tim.o
                                      0xc93f4 (size before relaxing)
 .debug_str     0x00000000000cd986       0x36 Core/Startup/startup_stm32f446retx.o
                                         0x75 (size before relaxing)
 .debug_str     0x00000000000cd9bc      0x571 Drivers/STM32F4xx_HAL_Driver/Src/stm32f4xx_hal.o
                                      0xc93f4 (size before relaxing)
 .debug_str     0x00000000000cdf2d      0x399 Drivers/STM32F4xx_HAL_Driver/Src/stm32f4xx_hal_cortex.o
                                      0xc91be (size before relaxing)
 .debug_str     0x00000000000ce2c6      0x315 Drivers/STM32F4xx_HAL_Driver/Src/stm32f4xx_hal_dma.o
                                      0xc8cd6 (size before relaxing)
 .debug_str     0x00000000000ce5db      0x15f Drivers/STM32F4xx_HAL_Driver/Src/stm32f4xx_hal_gpio.o
                                      0xc8a78 (size before relaxing)
 .debug_str     0x00000000000ce73a      0x259 Drivers/STM32F4xx_HAL_Driver/Src/stm32f4xx_hal_rcc.o
                                      0xc8cd8 (size before relaxing)
 .debug_str     0x00000000000ce993      0x324 Drivers/STM32F4xx_HAL_Driver/Src/stm32f4xx_hal_rcc_ex.o
                                      0xc8d35 (size before relaxing)
 .debug_str     0x00000000000cecb7      0x563 Drivers/STM32F4xx_HAL_Driver/Src/stm32f4xx_hal_spi.o
                                      0xc9150 (size before relaxing)
 .debug_str     0x00000000000cf21a      0xe10 Drivers/STM32F4xx_HAL_Driver/Src/stm32f4xx_hal_tim.o
                                      0xc9bdb (size before relaxing)
 .debug_str     0x00000000000d002a      0x538 Drivers/STM32F4xx_HAL_Driver/Src/stm32f4xx_hal_tim_ex.o
                                      0xc938c (size before relaxing)

.comment        0x0000000000000000       0x53
 .comment       0x0000000000000000       0x53 Core/Src/LCD.o
                                         0x54 (size before relaxing)
 .comment       0x0000000000000053       0x54 Core/Src/dma.o
 .comment       0x0000000000000053       0x54 Core/Src/gpio.o
 .comment       0x0000000000000053       0x54 Core/Src/main.o
 .comment       0x0000000000000053       0x54 Core/Src/spi.o
 .comment       0x0000000000000053       0x54 Core/Src/stm32f4xx_hal_msp.o
 .comment       0x0000000000000053       0x54 Core/Src/stm32f4xx_it.o
 .comment       0x0000000000000053       0x54 Core/Src/system_stm32f4xx.o
 .comment       0x0000000000000053       0x54 Core/Src/tim.o
 .comment       0x0000000000000053       0x54 Drivers/STM32F4xx_HAL_Driver/Src/stm32f4xx_hal.o
 .comment       0x0000000000000053       0x54 Drivers/STM32F4xx_HAL_Driver/Src/stm32f4xx_hal_cortex.o
 .comment       0x0000000000000053       0x54 Drivers/STM32F4xx_HAL_Driver/Src/stm32f4xx_hal_dma.o
 .comment       0x0000000000000053       0x54 Drivers/STM32F4xx_HAL_Driver/Src/stm32f4xx_hal_gpio.o
 .comment       0x0000000000000053       0x54 Drivers/STM32F4xx_HAL_Driver/Src/stm32f4xx_hal_rcc.o
 .comment       0x0000000000000053       0x54 Drivers/STM32F4xx_HAL_Driver/Src/stm32f4xx_hal_rcc_ex.o
 .comment       0x0000000000000053       0x54 Drivers/STM32F4xx_HAL_Driver/Src/stm32f4xx_hal_spi.o
 .comment       0x0000000000000053       0x54 Drivers/STM32F4xx_HAL_Driver/Src/stm32f4xx_hal_tim.o
 .comment       0x0000000000000053       0x54 Drivers/STM32F4xx_HAL_Driver/Src/stm32f4xx_hal_tim_ex.o

.debug_frame    0x0000000000000000     0x35a8
 .debug_frame   0x0000000000000000      0x1a0 Core/Src/LCD.o
 .debug_frame   0x00000000000001a0       0x34 Core/Src/dma.o
 .debug_frame   0x00000000000001d4       0x34 Core/Src/gpio.o
 .debug_frame   0x0000000000000208       0x8c Core/Src/main.o
 .debug_frame   0x0000000000000294       0x74 Core/Src/spi.o
 .debug_frame   0x0000000000000308       0x38 Core/Src/stm32f4xx_hal_msp.o
 .debug_frame   0x0000000000000340      0x158 Core/Src/stm32f4xx_it.o
 .debug_frame   0x0000000000000498       0x58 Core/Src/system_stm32f4xx.o
 .debug_frame   0x00000000000004f0       0x74 Core/Src/tim.o
 .debug_frame   0x0000000000000564      0x374 Drivers/STM32F4xx_HAL_Driver/Src/stm32f4xx_hal.o
 .debug_frame   0x00000000000008d8      0x498 Drivers/STM32F4xx_HAL_Driver/Src/stm32f4xx_hal_cortex.o
 .debug_frame   0x0000000000000d70      0x250 Drivers/STM32F4xx_HAL_Driver/Src/stm32f4xx_hal_dma.o
 .debug_frame   0x0000000000000fc0      0x14c Drivers/STM32F4xx_HAL_Driver/Src/stm32f4xx_hal_gpio.o
 .debug_frame   0x000000000000110c      0x1ec Drivers/STM32F4xx_HAL_Driver/Src/stm32f4xx_hal_rcc.o
 .debug_frame   0x00000000000012f8      0x1e4 Drivers/STM32F4xx_HAL_Driver/Src/stm32f4xx_hal_rcc_ex.o
 .debug_frame   0x00000000000014dc      0x824 Drivers/STM32F4xx_HAL_Driver/Src/stm32f4xx_hal_spi.o
 .debug_frame   0x0000000000001d00     0x11c4 Drivers/STM32F4xx_HAL_Driver/Src/stm32f4xx_hal_tim.o
 .debug_frame   0x0000000000002ec4      0x638 Drivers/STM32F4xx_HAL_Driver/Src/stm32f4xx_hal_tim_ex.o
 .debug_frame   0x00000000000034fc       0x2c c:/st/stm32cubeide_1.6.0/stm32cubeide/plugins/com.st.stm32cube.ide.mcu.externaltools.gnu-tools-for-stm32.9-2020-q2-update.win32_1.5.0.202011040924/tools/bin/../lib/gcc/arm-none-eabi/9.3.1/../../../../arm-none-eabi/lib/thumb/v7e-m+fp/hard\libc_nano.a(lib_a-init.o)
 .debug_frame   0x0000000000003528       0x20 c:/st/stm32cubeide_1.6.0/stm32cubeide/plugins/com.st.stm32cube.ide.mcu.externaltools.gnu-tools-for-stm32.9-2020-q2-update.win32_1.5.0.202011040924/tools/bin/../lib/gcc/arm-none-eabi/9.3.1/../../../../arm-none-eabi/lib/thumb/v7e-m+fp/hard\libc_nano.a(lib_a-memset.o)
 .debug_frame   0x0000000000003548       0x2c c:/st/stm32cubeide_1.6.0/stm32cubeide/plugins/com.st.stm32cube.ide.mcu.externaltools.gnu-tools-for-stm32.9-2020-q2-update.win32_1.5.0.202011040924/tools/bin/../lib/gcc/arm-none-eabi/9.3.1/thumb/v7e-m+fp/hard\libgcc.a(_aeabi_uldivmod.o)
 .debug_frame   0x0000000000003574       0x34 c:/st/stm32cubeide_1.6.0/stm32cubeide/plugins/com.st.stm32cube.ide.mcu.externaltools.gnu-tools-for-stm32.9-2020-q2-update.win32_1.5.0.202011040924/tools/bin/../lib/gcc/arm-none-eabi/9.3.1/thumb/v7e-m+fp/hard\libgcc.a(_udivmoddi4.o)
