LCD.c:43:6:LCD5110_init	8	static
LCD.c:66:6:LCD5110_LCD_write_byte	24	static
LCD.c:89:6:LCD5110_write_char	24	static
LCD.c:103:6:LCD5110_write_char_reg	24	static
LCD.c:118:6:LCD5110_write_string	24	static
LCD.c:130:6:LCD5110_clear	16	static
LCD.c:138:6:LCD5110_set_XY	24	static
LCD.c:147:6:LCD5110_Write_Dec	24	static
LCD.c:173:6:LCD5110_LCD_delay_ms	24	static
LCD.c:200:6:LCD5110_CS	16	static
LCD.c:208:6:LCD5110_RST	16	static
LCD.c:215:6:LCD5110_DC	16	static
LCD.c:222:6:LCD5110_MO	16	static
LCD.c:229:6:LCD5110_SCK	16	static
LCD.c:236:5:_write	32	static
LCD.c:291:6:LCD5110_update	16	static
LCD.c:305:6:LCD5110_clrScr	16	static
LCD.c:311:6:LCD5110_fillScr	16	static
LCD.c:325:6:setPixel	24	static
LCD.c:338:6:LCD5110_clrPixel	24	static
LCD.c:351:6:LCD5110_invPixel	24	static
LCD.c:399:6:LCD5110_printNumI	104	static
LCD.c:462:6:LCD5110_printNumF	80	static
LCD.c:563:6:LCD5110_drawHLine	40	static
LCD.c:580:6:LCD5110_clrHLine	40	static
LCD.c:597:6:LCD5110_drawVLine	32	static
LCD.c:611:6:LCD5110_clrVLine	32	static
LCD.c:625:6:LCD5110_drawLine	80	static
LCD.c:715:6:LCD5110_clrLine	80	static
LCD.c:805:6:LCD5110_drawRect	32	static
LCD.c:829:6:LCD5110_clrRect	32	static
LCD.c:852:6:LCD5110_drawRoundRect	32	static
LCD.c:882:6:LCD5110_clrRoundRect	32	static
LCD.c:911:6:LCD5110_drawCircle	48	static
LCD.c:948:6:LCD5110_clrCircle	48	static
LCD.c:985:6:LCD5110_drawBitmap	40	static
