LCD.c:51:6:LCD5110_init	16	static
LCD.c:80:6:LCD5110_LCD_write_byte	16	static
LCD.c:97:6:LCD5110_write_char	24	static
LCD.c:113:6:LCD5110_write_char_reg	24	static
LCD.c:130:6:LCD5110_write_string	24	static
LCD.c:143:6:LCD5110_clear	16	static
LCD.c:154:6:LCD5110_set_XY	24	static
LCD.c:165:6:LCD5110_Write_Dec	24	static
LCD.c:191:6:LCD5110_LCD_delay_ms	24	static
LCD.c:202:6:LCD5110_RST	16	static
LCD.c:241:5:_write	32	static
LCD.c:299:6:LCD5110_update	16	static
LCD.c:313:6:LCD5110_clrScr	16	static
LCD.c:319:6:LCD5110_fillScr	16	static
LCD.c:333:6:setPixel	24	static
LCD.c:346:6:LCD5110_clrPixel	24	static
LCD.c:359:6:LCD5110_invPixel	24	static
LCD.c:407:6:LCD5110_printNumI	104	static
LCD.c:470:6:LCD5110_printNumF	80	static
LCD.c:571:6:LCD5110_drawHLine	40	static
LCD.c:588:6:LCD5110_clrHLine	40	static
LCD.c:605:6:LCD5110_drawVLine	32	static
LCD.c:619:6:LCD5110_clrVLine	32	static
LCD.c:633:6:LCD5110_drawLine	80	static
LCD.c:723:6:LCD5110_clrLine	80	static
LCD.c:813:6:LCD5110_drawRect	32	static
LCD.c:837:6:LCD5110_clrRect	32	static
LCD.c:860:6:LCD5110_drawRoundRect	32	static
LCD.c:890:6:LCD5110_clrRoundRect	32	static
LCD.c:919:6:LCD5110_drawCircle	48	static
LCD.c:956:6:LCD5110_clrCircle	48	static
LCD.c:993:6:LCD5110_drawBitmap	40	static
