LCD.c:45:6:LCD5110_init	8	static
LCD.c:70:6:LCD5110_LCD_write_byte	24	static
LCD.c:94:6:LCD5110_write_char	24	static
LCD.c:110:6:LCD5110_write_char_reg	24	static
LCD.c:127:6:LCD5110_write_string	24	static
LCD.c:140:6:LCD5110_clear	16	static
LCD.c:151:6:LCD5110_set_XY	24	static
LCD.c:162:6:LCD5110_Write_Dec	24	static
LCD.c:188:6:LCD5110_LCD_delay_ms	24	static
LCD.c:219:6:LCD5110_CS	16	static
LCD.c:227:6:LCD5110_RST	16	static
LCD.c:234:6:LCD5110_DC	16	static
LCD.c:241:6:LCD5110_MO	16	static
LCD.c:248:6:LCD5110_SCK	16	static
LCD.c:255:5:_write	32	static
LCD.c:313:6:LCD5110_update	16	static
LCD.c:327:6:LCD5110_clrScr	16	static
LCD.c:333:6:LCD5110_fillScr	16	static
LCD.c:347:6:setPixel	24	static
LCD.c:360:6:LCD5110_clrPixel	24	static
LCD.c:373:6:LCD5110_invPixel	24	static
LCD.c:421:6:LCD5110_printNumI	104	static
LCD.c:484:6:LCD5110_printNumF	80	static
LCD.c:585:6:LCD5110_drawHLine	40	static
LCD.c:602:6:LCD5110_clrHLine	40	static
LCD.c:619:6:LCD5110_drawVLine	32	static
LCD.c:633:6:LCD5110_clrVLine	32	static
LCD.c:647:6:LCD5110_drawLine	80	static
LCD.c:737:6:LCD5110_clrLine	80	static
LCD.c:827:6:LCD5110_drawRect	32	static
LCD.c:851:6:LCD5110_clrRect	32	static
LCD.c:874:6:LCD5110_drawRoundRect	32	static
LCD.c:904:6:LCD5110_clrRoundRect	32	static
LCD.c:933:6:LCD5110_drawCircle	48	static
LCD.c:970:6:LCD5110_clrCircle	48	static
LCD.c:1007:6:LCD5110_drawBitmap	40	static
